Copyright 1986-2022 Xilinx, Inc. All Rights Reserved. Copyright 2022-2026 Advanced Micro Devices, Inc. All Rights Reserved.
--------------------------------------------------------------------------------------------------------------------------------------------------------------------------------------
| Tool Version : Vivado v.2026.1 (win64) Build 6511674 Tue Jun 16 11:02:23 MDT 2026
| Date         : Thu Sep 24 00:16:19 2026
| Host         : Abhay_PC running 64-bit major release  (build 9200)
| Command      : report_timing -delay_type min -max_paths 5 -sort_by slack -file {C:/Users/abhay/OneDrive/Documents/projects/Trade CPU/checkpoints/reports/impl_worst_hold_paths.rpt}
| Design       : tradecpu_top
| Device       : 7s50-csga324
| Speed File   : -2  PRODUCTION 1.23 2018-06-13
| Design State : Routed
--------------------------------------------------------------------------------------------------------------------------------------------------------------------------------------

Timing Report

Slack (MET) :             0.036ns  (arrival time - required time)
  Source:                 u_core/u_stock_buffers/g_buf[0].staged_price_reg[0]/C
                            (rising edge-triggered cell FDCE clocked by clk50_mmcm  {rise@0.000ns fall@10.000ns period=20.000ns})
  Destination:            u_core/u_stock_buffers/g_buf[0].mem_reg_0_31_0_5/RAMA/I
                            (rising edge-triggered cell RAMD32 clocked by clk50_mmcm  {rise@0.000ns fall@10.000ns period=20.000ns})
  Path Group:             clk50_mmcm
  Path Type:              Hold (Min at Fast Process Corner)
  Requirement:            0.000ns  (clk50_mmcm rise@0.000ns - clk50_mmcm rise@0.000ns)
  Data Path Delay:        0.196ns  (logic 0.141ns (71.838%)  route 0.055ns (28.162%))
  Logic Levels:           0  
  Clock Path Skew:        0.013ns (DCD - SCD - CPR)
    Destination Clock Delay (DCD):    2.352ns
    Source Clock Delay      (SCD):    1.804ns
    Clock Pessimism Removal (CPR):    0.535ns

    Location             Delay type                Incr(ns)  Path(ns)    Netlist Resource(s)
  -------------------------------------------------------------------    -------------------
                         (clock clk50_mmcm rise edge)
                                                      0.000     0.000 r  <hidden>
    N15                                               0.000     0.000 r  CLK_100MHZ
                         net (fo=0)                   0.000     0.000    CLK_100MHZ
    N15                  IBUF (Prop_ibuf_I_O)         0.209     0.209 r  CLK_100MHZ_IBUF_inst/O
                         net (fo=1, routed)           0.440     0.649    CLK_100MHZ_IBUF
    MMCME2_ADV_X0Y0      MMCME2_ADV (Prop_mmcme2_adv_CLKIN1_CLKOUT0)
                                                      0.050     0.699 r  u_mmcm/CLKOUT0
                         net (fo=1, routed)           0.489     1.188    clk50_mmcm
    BUFGCTRL_X0Y0        BUFG (Prop_bufg_I_O)         0.026     1.214 r  u_bufg_clk50/O
                         net (fo=1244, routed)        0.591     1.804    u_core/u_stock_buffers/clk50
    SLICE_X3Y35          FDCE                                         r  u_core/u_stock_buffers/g_buf[0].staged_price_reg[0]/C
  -------------------------------------------------------------------    -------------------
    SLICE_X3Y35          FDCE (Prop_fdce_C_Q)         0.141     1.945 r  u_core/u_stock_buffers/g_buf[0].staged_price_reg[0]/Q
                         net (fo=1, routed)           0.055     2.001    u_core/u_stock_buffers/g_buf[0].mem_reg_0_31_0_5/DIA0
    SLICE_X2Y35          RAMD32                                       r  u_core/u_stock_buffers/g_buf[0].mem_reg_0_31_0_5/RAMA/I
  -------------------------------------------------------------------    -------------------

                         (clock clk50_mmcm rise edge)
                                                      0.000     0.000 r  <hidden>
    N15                                               0.000     0.000 r  CLK_100MHZ
                         net (fo=0)                   0.000     0.000    CLK_100MHZ
    N15                  IBUF (Prop_ibuf_I_O)         0.396     0.396 r  CLK_100MHZ_IBUF_inst/O
                         net (fo=1, routed)           0.480     0.876    CLK_100MHZ_IBUF
    MMCME2_ADV_X0Y0      MMCME2_ADV (Prop_mmcme2_adv_CLKIN1_CLKOUT0)
                                                      0.053     0.929 r  u_mmcm/CLKOUT0
                         net (fo=1, routed)           0.534     1.463    clk50_mmcm
    BUFGCTRL_X0Y0        BUFG (Prop_bufg_I_O)         0.029     1.492 r  u_bufg_clk50/O
                         net (fo=1244, routed)        0.861     2.352    u_core/u_stock_buffers/g_buf[0].mem_reg_0_31_0_5/WCLK
    SLICE_X2Y35          RAMD32                                       r  u_core/u_stock_buffers/g_buf[0].mem_reg_0_31_0_5/RAMA/CLK
                         clock pessimism             -0.535     1.817    <hidden>
    SLICE_X2Y35          RAMD32 (Hold_ramd32_CLK_I)
                                                      0.147     1.964    u_core/u_stock_buffers/g_buf[0].mem_reg_0_31_0_5/RAMA
  -------------------------------------------------------------------
                         required time                         -1.964    <hidden>
                         arrival time                           2.001    <hidden>
  -------------------------------------------------------------------
                         slack                                  0.036    <hidden>

Slack (MET) :             0.036ns  (arrival time - required time)
  Source:                 u_core/u_stock_buffers/g_buf[1].staged_price_reg[12]/C
                            (rising edge-triggered cell FDCE clocked by clk50_mmcm  {rise@0.000ns fall@10.000ns period=20.000ns})
  Destination:            u_core/u_stock_buffers/g_buf[1].mem_reg_0_31_12_15/RAMA/I
                            (rising edge-triggered cell RAMD32 clocked by clk50_mmcm  {rise@0.000ns fall@10.000ns period=20.000ns})
  Path Group:             clk50_mmcm
  Path Type:              Hold (Min at Fast Process Corner)
  Requirement:            0.000ns  (clk50_mmcm rise@0.000ns - clk50_mmcm rise@0.000ns)
  Data Path Delay:        0.196ns  (logic 0.141ns (71.838%)  route 0.055ns (28.162%))
  Logic Levels:           0  
  Clock Path Skew:        0.013ns (DCD - SCD - CPR)
    Destination Clock Delay (DCD):    2.348ns
    Source Clock Delay      (SCD):    1.801ns
    Clock Pessimism Removal (CPR):    0.534ns

    Location             Delay type                Incr(ns)  Path(ns)    Netlist Resource(s)
  -------------------------------------------------------------------    -------------------
                         (clock clk50_mmcm rise edge)
                                                      0.000     0.000 r  <hidden>
    N15                                               0.000     0.000 r  CLK_100MHZ
                         net (fo=0)                   0.000     0.000    CLK_100MHZ
    N15                  IBUF (Prop_ibuf_I_O)         0.209     0.209 r  CLK_100MHZ_IBUF_inst/O
                         net (fo=1, routed)           0.440     0.649    CLK_100MHZ_IBUF
    MMCME2_ADV_X0Y0      MMCME2_ADV (Prop_mmcme2_adv_CLKIN1_CLKOUT0)
                                                      0.050     0.699 r  u_mmcm/CLKOUT0
                         net (fo=1, routed)           0.489     1.188    clk50_mmcm
    BUFGCTRL_X0Y0        BUFG (Prop_bufg_I_O)         0.026     1.214 r  u_bufg_clk50/O
                         net (fo=1244, routed)        0.588     1.801    u_core/u_stock_buffers/clk50
    SLICE_X7Y33          FDCE                                         r  u_core/u_stock_buffers/g_buf[1].staged_price_reg[12]/C
  -------------------------------------------------------------------    -------------------
    SLICE_X7Y33          FDCE (Prop_fdce_C_Q)         0.141     1.942 r  u_core/u_stock_buffers/g_buf[1].staged_price_reg[12]/Q
                         net (fo=1, routed)           0.055     1.998    u_core/u_stock_buffers/g_buf[1].mem_reg_0_31_12_15/DIA0
    SLICE_X6Y33          RAMD32                                       r  u_core/u_stock_buffers/g_buf[1].mem_reg_0_31_12_15/RAMA/I
  -------------------------------------------------------------------    -------------------

                         (clock clk50_mmcm rise edge)
                                                      0.000     0.000 r  <hidden>
    N15                                               0.000     0.000 r  CLK_100MHZ
                         net (fo=0)                   0.000     0.000    CLK_100MHZ
    N15                  IBUF (Prop_ibuf_I_O)         0.396     0.396 r  CLK_100MHZ_IBUF_inst/O
                         net (fo=1, routed)           0.480     0.876    CLK_100MHZ_IBUF
    MMCME2_ADV_X0Y0      MMCME2_ADV (Prop_mmcme2_adv_CLKIN1_CLKOUT0)
                                                      0.053     0.929 r  u_mmcm/CLKOUT0
                         net (fo=1, routed)           0.534     1.463    clk50_mmcm
    BUFGCTRL_X0Y0        BUFG (Prop_bufg_I_O)         0.029     1.492 r  u_bufg_clk50/O
                         net (fo=1244, routed)        0.857     2.348    u_core/u_stock_buffers/g_buf[1].mem_reg_0_31_12_15/WCLK
    SLICE_X6Y33          RAMD32                                       r  u_core/u_stock_buffers/g_buf[1].mem_reg_0_31_12_15/RAMA/CLK
                         clock pessimism             -0.534     1.814    <hidden>
    SLICE_X6Y33          RAMD32 (Hold_ramd32_CLK_I)
                                                      0.147     1.961    u_core/u_stock_buffers/g_buf[1].mem_reg_0_31_12_15/RAMA
  -------------------------------------------------------------------
                         required time                         -1.961    <hidden>
                         arrival time                           1.998    <hidden>
  -------------------------------------------------------------------
                         slack                                  0.036    <hidden>

Slack (MET) :             0.036ns  (arrival time - required time)
  Source:                 u_core/u_stock_buffers/g_buf[3].staged_price_reg[12]/C
                            (rising edge-triggered cell FDCE clocked by clk50_mmcm  {rise@0.000ns fall@10.000ns period=20.000ns})
  Destination:            u_core/u_stock_buffers/g_buf[3].mem_reg_0_31_12_15/RAMA/I
                            (rising edge-triggered cell RAMD32 clocked by clk50_mmcm  {rise@0.000ns fall@10.000ns period=20.000ns})
  Path Group:             clk50_mmcm
  Path Type:              Hold (Min at Fast Process Corner)
  Requirement:            0.000ns  (clk50_mmcm rise@0.000ns - clk50_mmcm rise@0.000ns)
  Data Path Delay:        0.196ns  (logic 0.141ns (71.838%)  route 0.055ns (28.162%))
  Logic Levels:           0  
  Clock Path Skew:        0.013ns (DCD - SCD - CPR)
    Destination Clock Delay (DCD):    2.349ns
    Source Clock Delay      (SCD):    1.802ns
    Clock Pessimism Removal (CPR):    0.534ns

    Location             Delay type                Incr(ns)  Path(ns)    Netlist Resource(s)
  -------------------------------------------------------------------    -------------------
                         (clock clk50_mmcm rise edge)
                                                      0.000     0.000 r  <hidden>
    N15                                               0.000     0.000 r  CLK_100MHZ
                         net (fo=0)                   0.000     0.000    CLK_100MHZ
    N15                  IBUF (Prop_ibuf_I_O)         0.209     0.209 r  CLK_100MHZ_IBUF_inst/O
                         net (fo=1, routed)           0.440     0.649    CLK_100MHZ_IBUF
    MMCME2_ADV_X0Y0      MMCME2_ADV (Prop_mmcme2_adv_CLKIN1_CLKOUT0)
                                                      0.050     0.699 r  u_mmcm/CLKOUT0
                         net (fo=1, routed)           0.489     1.188    clk50_mmcm
    BUFGCTRL_X0Y0        BUFG (Prop_bufg_I_O)         0.026     1.214 r  u_bufg_clk50/O
                         net (fo=1244, routed)        0.589     1.802    u_core/u_stock_buffers/clk50
    SLICE_X7Y34          FDCE                                         r  u_core/u_stock_buffers/g_buf[3].staged_price_reg[12]/C
  -------------------------------------------------------------------    -------------------
    SLICE_X7Y34          FDCE (Prop_fdce_C_Q)         0.141     1.943 r  u_core/u_stock_buffers/g_buf[3].staged_price_reg[12]/Q
                         net (fo=1, routed)           0.055     1.999    u_core/u_stock_buffers/g_buf[3].mem_reg_0_31_12_15/DIA0
    SLICE_X6Y34          RAMD32                                       r  u_core/u_stock_buffers/g_buf[3].mem_reg_0_31_12_15/RAMA/I
  -------------------------------------------------------------------    -------------------

                         (clock clk50_mmcm rise edge)
                                                      0.000     0.000 r  <hidden>
    N15                                               0.000     0.000 r  CLK_100MHZ
                         net (fo=0)                   0.000     0.000    CLK_100MHZ
    N15                  IBUF (Prop_ibuf_I_O)         0.396     0.396 r  CLK_100MHZ_IBUF_inst/O
                         net (fo=1, routed)           0.480     0.876    CLK_100MHZ_IBUF
    MMCME2_ADV_X0Y0      MMCME2_ADV (Prop_mmcme2_adv_CLKIN1_CLKOUT0)
                                                      0.053     0.929 r  u_mmcm/CLKOUT0
                         net (fo=1, routed)           0.534     1.463    clk50_mmcm
    BUFGCTRL_X0Y0        BUFG (Prop_bufg_I_O)         0.029     1.492 r  u_bufg_clk50/O
                         net (fo=1244, routed)        0.858     2.349    u_core/u_stock_buffers/g_buf[3].mem_reg_0_31_12_15/WCLK
    SLICE_X6Y34          RAMD32                                       r  u_core/u_stock_buffers/g_buf[3].mem_reg_0_31_12_15/RAMA/CLK
                         clock pessimism             -0.534     1.815    <hidden>
    SLICE_X6Y34          RAMD32 (Hold_ramd32_CLK_I)
                                                      0.147     1.962    u_core/u_stock_buffers/g_buf[3].mem_reg_0_31_12_15/RAMA
  -------------------------------------------------------------------
                         required time                         -1.962    <hidden>
                         arrival time                           1.999    <hidden>
  -------------------------------------------------------------------
                         slack                                  0.036    <hidden>

Slack (MET) :             0.036ns  (arrival time - required time)
  Source:                 u_core/u_stock_buffers/g_buf[1].staged_price_reg[0]/C
                            (rising edge-triggered cell FDCE clocked by clk50_mmcm  {rise@0.000ns fall@10.000ns period=20.000ns})
  Destination:            u_core/u_stock_buffers/g_buf[1].mem_reg_0_31_0_5/RAMA/I
                            (rising edge-triggered cell RAMD32 clocked by clk50_mmcm  {rise@0.000ns fall@10.000ns period=20.000ns})
  Path Group:             clk50_mmcm
  Path Type:              Hold (Min at Fast Process Corner)
  Requirement:            0.000ns  (clk50_mmcm rise@0.000ns - clk50_mmcm rise@0.000ns)
  Data Path Delay:        0.196ns  (logic 0.141ns (71.838%)  route 0.055ns (28.162%))
  Logic Levels:           0  
  Clock Path Skew:        0.013ns (DCD - SCD - CPR)
    Destination Clock Delay (DCD):    2.350ns
    Source Clock Delay      (SCD):    1.803ns
    Clock Pessimism Removal (CPR):    0.534ns

    Location             Delay type                Incr(ns)  Path(ns)    Netlist Resource(s)
  -------------------------------------------------------------------    -------------------
                         (clock clk50_mmcm rise edge)
                                                      0.000     0.000 r  <hidden>
    N15                                               0.000     0.000 r  CLK_100MHZ
                         net (fo=0)                   0.000     0.000    CLK_100MHZ
    N15                  IBUF (Prop_ibuf_I_O)         0.209     0.209 r  CLK_100MHZ_IBUF_inst/O
                         net (fo=1, routed)           0.440     0.649    CLK_100MHZ_IBUF
    MMCME2_ADV_X0Y0      MMCME2_ADV (Prop_mmcme2_adv_CLKIN1_CLKOUT0)
                                                      0.050     0.699 r  u_mmcm/CLKOUT0
                         net (fo=1, routed)           0.489     1.188    clk50_mmcm
    BUFGCTRL_X0Y0        BUFG (Prop_bufg_I_O)         0.026     1.214 r  u_bufg_clk50/O
                         net (fo=1244, routed)        0.590     1.803    u_core/u_stock_buffers/clk50
    SLICE_X3Y33          FDCE                                         r  u_core/u_stock_buffers/g_buf[1].staged_price_reg[0]/C
  -------------------------------------------------------------------    -------------------
    SLICE_X3Y33          FDCE (Prop_fdce_C_Q)         0.141     1.944 r  u_core/u_stock_buffers/g_buf[1].staged_price_reg[0]/Q
                         net (fo=1, routed)           0.055     2.000    u_core/u_stock_buffers/g_buf[1].mem_reg_0_31_0_5/DIA0
    SLICE_X2Y33          RAMD32                                       r  u_core/u_stock_buffers/g_buf[1].mem_reg_0_31_0_5/RAMA/I
  -------------------------------------------------------------------    -------------------

                         (clock clk50_mmcm rise edge)
                                                      0.000     0.000 r  <hidden>
    N15                                               0.000     0.000 r  CLK_100MHZ
                         net (fo=0)                   0.000     0.000    CLK_100MHZ
    N15                  IBUF (Prop_ibuf_I_O)         0.396     0.396 r  CLK_100MHZ_IBUF_inst/O
                         net (fo=1, routed)           0.480     0.876    CLK_100MHZ_IBUF
    MMCME2_ADV_X0Y0      MMCME2_ADV (Prop_mmcme2_adv_CLKIN1_CLKOUT0)
                                                      0.053     0.929 r  u_mmcm/CLKOUT0
                         net (fo=1, routed)           0.534     1.463    clk50_mmcm
    BUFGCTRL_X0Y0        BUFG (Prop_bufg_I_O)         0.029     1.492 r  u_bufg_clk50/O
                         net (fo=1244, routed)        0.859     2.350    u_core/u_stock_buffers/g_buf[1].mem_reg_0_31_0_5/WCLK
    SLICE_X2Y33          RAMD32                                       r  u_core/u_stock_buffers/g_buf[1].mem_reg_0_31_0_5/RAMA/CLK
                         clock pessimism             -0.534     1.816    <hidden>
    SLICE_X2Y33          RAMD32 (Hold_ramd32_CLK_I)
                                                      0.147     1.963    u_core/u_stock_buffers/g_buf[1].mem_reg_0_31_0_5/RAMA
  -------------------------------------------------------------------
                         required time                         -1.963    <hidden>
                         arrival time                           2.000    <hidden>
  -------------------------------------------------------------------
                         slack                                  0.036    <hidden>

Slack (MET) :             0.067ns  (arrival time - required time)
  Source:                 u_core/u_uart_protocol/pm_wdata_reg[21]/C
                            (rising edge-triggered cell FDCE clocked by clk50_mmcm  {rise@0.000ns fall@10.000ns period=20.000ns})
  Destination:            u_core/u_control_unit/prog_mem_reg_2/DIBDI[5]
                            (rising edge-triggered cell RAMB18E1 clocked by clk50_mmcm  {rise@0.000ns fall@10.000ns period=20.000ns})
  Path Group:             clk50_mmcm
  Path Type:              Hold (Min at Fast Process Corner)
  Requirement:            0.000ns  (clk50_mmcm rise@0.000ns - clk50_mmcm rise@0.000ns)
  Data Path Delay:        0.278ns  (logic 0.164ns (58.946%)  route 0.114ns (41.054%))
  Logic Levels:           0  
  Clock Path Skew:        0.057ns (DCD - SCD - CPR)
    Destination Clock Delay (DCD):    2.364ns
    Source Clock Delay      (SCD):    1.775ns
    Clock Pessimism Removal (CPR):    0.532ns

    Location             Delay type                Incr(ns)  Path(ns)    Netlist Resource(s)
  -------------------------------------------------------------------    -------------------
                         (clock clk50_mmcm rise edge)
                                                      0.000     0.000 r  <hidden>
    N15                                               0.000     0.000 r  CLK_100MHZ
                         net (fo=0)                   0.000     0.000    CLK_100MHZ
    N15                  IBUF (Prop_ibuf_I_O)         0.209     0.209 r  CLK_100MHZ_IBUF_inst/O
                         net (fo=1, routed)           0.440     0.649    CLK_100MHZ_IBUF
    MMCME2_ADV_X0Y0      MMCME2_ADV (Prop_mmcme2_adv_CLKIN1_CLKOUT0)
                                                      0.050     0.699 r  u_mmcm/CLKOUT0
                         net (fo=1, routed)           0.489     1.188    clk50_mmcm
    BUFGCTRL_X0Y0        BUFG (Prop_bufg_I_O)         0.026     1.214 r  u_bufg_clk50/O
                         net (fo=1244, routed)        0.562     1.775    u_core/u_uart_protocol/clk50
    SLICE_X8Y13          FDCE                                         r  u_core/u_uart_protocol/pm_wdata_reg[21]/C
  -------------------------------------------------------------------    -------------------
    SLICE_X8Y13          FDCE (Prop_fdce_C_Q)         0.164     1.939 r  u_core/u_uart_protocol/pm_wdata_reg[21]/Q
                         net (fo=2, routed)           0.114     2.053    u_core/u_control_unit/pm_wdata[21]
    RAMB18_X0Y5          RAMB18E1                                     r  u_core/u_control_unit/prog_mem_reg_2/DIBDI[5]
  -------------------------------------------------------------------    -------------------

                         (clock clk50_mmcm rise edge)
                                                      0.000     0.000 r  <hidden>
    N15                                               0.000     0.000 r  CLK_100MHZ
                         net (fo=0)                   0.000     0.000    CLK_100MHZ
    N15                  IBUF (Prop_ibuf_I_O)         0.396     0.396 r  CLK_100MHZ_IBUF_inst/O
                         net (fo=1, routed)           0.480     0.876    CLK_100MHZ_IBUF
    MMCME2_ADV_X0Y0      MMCME2_ADV (Prop_mmcme2_adv_CLKIN1_CLKOUT0)
                                                      0.053     0.929 r  u_mmcm/CLKOUT0
                         net (fo=1, routed)           0.534     1.463    clk50_mmcm
    BUFGCTRL_X0Y0        BUFG (Prop_bufg_I_O)         0.029     1.492 r  u_bufg_clk50/O
                         net (fo=1244, routed)        0.872     2.364    u_core/u_control_unit/clk50
    RAMB18_X0Y5          RAMB18E1                                     r  u_core/u_control_unit/prog_mem_reg_2/CLKBWRCLK
                         clock pessimism             -0.532     1.832    <hidden>
    RAMB18_X0Y5          RAMB18E1 (Hold_ramb18e1_CLKBWRCLK_DIBDI[5])
                                                      0.155     1.987    u_core/u_control_unit/prog_mem_reg_2
  -------------------------------------------------------------------
                         required time                         -1.987    <hidden>
                         arrival time                           2.053    <hidden>
  -------------------------------------------------------------------
                         slack                                  0.067    <hidden>




