Copyright 1986-2022 Xilinx, Inc. All Rights Reserved. Copyright 2022-2026 Advanced Micro Devices, Inc. All Rights Reserved.
----------------------------------------------------------------------------------------------------------------------------------------------------------------------------------------
| Tool Version : Vivado v.2026.1 (win64) Build 6511674 Tue Jun 16 11:02:23 MDT 2026
| Date         : Thu Sep 24 00:16:19 2026
| Host         : Abhay_PC running 64-bit major release  (build 9200)
| Command      : report_timing -delay_type max -max_paths 10 -sort_by slack -file {C:/Users/abhay/OneDrive/Documents/projects/Trade CPU/checkpoints/reports/impl_worst_setup_paths.rpt}
| Design       : tradecpu_top
| Device       : 7s50-csga324
| Speed File   : -2  PRODUCTION 1.23 2018-06-13
| Design State : Routed
----------------------------------------------------------------------------------------------------------------------------------------------------------------------------------------

Timing Report

Slack (MET) :             4.929ns  (required time - arrival time)
  Source:                 u_core/u_control_unit/prog_mem_reg_2/CLKARDCLK
                            (rising edge-triggered cell RAMB18E1 clocked by clk50_mmcm  {rise@0.000ns fall@10.000ns period=20.000ns})
  Destination:            u_core/u_register_file/registers_reg[6][31]/D
                            (rising edge-triggered cell FDCE clocked by clk50_mmcm  {rise@0.000ns fall@10.000ns period=20.000ns})
  Path Group:             clk50_mmcm
  Path Type:              Setup (Max at Slow Process Corner)
  Requirement:            20.000ns  (clk50_mmcm rise@20.000ns - clk50_mmcm rise@0.000ns)
  Data Path Delay:        14.821ns  (logic 8.712ns (58.783%)  route 6.109ns (41.217%))
  Logic Levels:           11  (CARRY4=3 DSP48E1=2 LUT2=2 LUT4=1 LUT5=1 LUT6=2)
  Clock Path Skew:        -0.085ns (DCD - SCD + CPR)
    Destination Clock Delay (DCD):    5.073ns = ( 25.073 - 20.000 ) 
    Source Clock Delay      (SCD):    5.426ns
    Clock Pessimism Removal (CPR):    0.268ns
  Clock Uncertainty:      0.082ns  ((TSJ^2 + DJ^2)^1/2) / 2 + PE
    Total System Jitter     (TSJ):    0.071ns
    Discrete Jitter          (DJ):    0.147ns
    Phase Error              (PE):    0.000ns

    Location             Delay type                Incr(ns)  Path(ns)    Netlist Resource(s)
  -------------------------------------------------------------------    -------------------
                         (clock clk50_mmcm rise edge)
                                                      0.000     0.000 r  <hidden>
    N15                                               0.000     0.000 r  CLK_100MHZ
                         net (fo=0)                   0.000     0.000    CLK_100MHZ
    N15                  IBUF (Prop_ibuf_I_O)         1.371     1.371 r  CLK_100MHZ_IBUF_inst/O
                         net (fo=1, routed)           1.065     2.436    CLK_100MHZ_IBUF
    MMCME2_ADV_X0Y0      MMCME2_ADV (Prop_mmcme2_adv_CLKIN1_CLKOUT0)
                                                      0.077     2.513 r  u_mmcm/CLKOUT0
                         net (fo=1, routed)           1.425     3.938    clk50_mmcm
    BUFGCTRL_X0Y0        BUFG (Prop_bufg_I_O)         0.081     4.019 r  u_bufg_clk50/O
                         net (fo=1244, routed)        1.406     5.426    u_core/u_control_unit/clk50
    RAMB18_X0Y5          RAMB18E1                                     r  u_core/u_control_unit/prog_mem_reg_2/CLKARDCLK
  -------------------------------------------------------------------    -------------------
    RAMB18_X0Y5          RAMB18E1 (Prop_ramb18e1_CLKARDCLK_DOBDO[6])
                                                      2.125     7.551 r  u_core/u_control_unit/prog_mem_reg_2/DOBDO[6]
                         net (fo=1, routed)           0.626     8.177    u_core/u_control_unit/prog_mem_reg_2_n_25
    SLICE_X9Y14          LUT2 (Prop_lut2_I0_O)        0.126     8.303 r  u_core/u_control_unit/result0_i_99/O
                         net (fo=64, routed)          1.081     9.383    u_core/u_register_file/rf_raddr1[1]
    SLICE_X15Y26         LUT6 (Prop_lut6_I2_O)        0.267     9.650 r  u_core/u_register_file/result0__0_i_21/O
                         net (fo=2, routed)           0.786    10.436    u_core/u_register_file/result0__0_i_21_n_0
    SLICE_X28Y26         LUT4 (Prop_lut4_I3_O)        0.119    10.555 r  u_core/u_register_file/result0__0_i_2/O
                         net (fo=30, routed)          0.977    11.532    u_core/u_alu/rf_rdata1[15]
    DSP48_X0Y9           DSP48E1 (Prop_dsp48e1_A[15]_PCOUT[47])
                                                      3.559    15.091 r  u_core/u_alu/result0__0/PCOUT[47]
                         net (fo=1, routed)           0.056    15.147    u_core/u_alu/result0__0_n_106
    DSP48_X0Y10          DSP48E1 (Prop_dsp48e1_PCIN[47]_P[3])
                                                      1.271    16.418 r  u_core/u_alu/result0__1/P[3]
                         net (fo=2, routed)           0.831    17.249    u_core/u_alu/result0__1_n_102
    SLICE_X12Y27         LUT2 (Prop_lut2_I0_O)        0.105    17.354 r  u_core/u_alu/registers[0][23]_i_11/O
                         net (fo=1, routed)           0.000    17.354    u_core/u_alu/registers[0][23]_i_11_n_0
    SLICE_X12Y27         CARRY4 (Prop_carry4_S[0]_CO[3])
                                                      0.423    17.777 r  u_core/u_alu/registers_reg[0][23]_i_5/CO[3]
                         net (fo=1, routed)           0.000    17.777    u_core/u_alu/registers_reg[0][23]_i_5_n_0
    SLICE_X12Y28         CARRY4 (Prop_carry4_CI_CO[3])
                                                      0.100    17.877 r  u_core/u_alu/registers_reg[0][27]_i_5/CO[3]
                         net (fo=1, routed)           0.000    17.877    u_core/u_alu/registers_reg[0][27]_i_5_n_0
    SLICE_X12Y29         CARRY4 (Prop_carry4_CI_O[3])
                                                      0.262    18.139 r  u_core/u_alu/registers_reg[0][31]_i_18/O[3]
                         net (fo=1, routed)           0.472    18.611    u_core/u_control_unit/registers_reg[6][31][3]
    SLICE_X15Y25         LUT6 (Prop_lut6_I0_O)        0.250    18.861 r  u_core/u_control_unit/registers[0][31]_i_8/O
                         net (fo=1, routed)           0.313    19.174    u_core/u_control_unit/registers[0][31]_i_8_n_0
    SLICE_X15Y25         LUT5 (Prop_lut5_I3_O)        0.105    19.279 r  u_core/u_control_unit/registers[0][31]_i_2/O
                         net (fo=8, routed)           0.967    20.246    u_core/u_register_file/registers_reg[6][31]_0[31]
    SLICE_X13Y15         FDCE                                         r  u_core/u_register_file/registers_reg[6][31]/D
  -------------------------------------------------------------------    -------------------

                         (clock clk50_mmcm rise edge)
                                                     20.000    20.000 r  <hidden>
    N15                                               0.000    20.000 r  CLK_100MHZ
                         net (fo=0)                   0.000    20.000    CLK_100MHZ
    N15                  IBUF (Prop_ibuf_I_O)         1.306    21.306 r  CLK_100MHZ_IBUF_inst/O
                         net (fo=1, routed)           1.004    22.309    CLK_100MHZ_IBUF
    MMCME2_ADV_X0Y0      MMCME2_ADV (Prop_mmcme2_adv_CLKIN1_CLKOUT0)
                                                      0.073    22.382 r  u_mmcm/CLKOUT0
                         net (fo=1, routed)           1.357    23.740    clk50_mmcm
    BUFGCTRL_X0Y0        BUFG (Prop_bufg_I_O)         0.077    23.817 r  u_bufg_clk50/O
                         net (fo=1244, routed)        1.256    25.073    u_core/u_register_file/clk50
    SLICE_X13Y15         FDCE                                         r  u_core/u_register_file/registers_reg[6][31]/C
                         clock pessimism              0.268    25.341    <hidden>
                         clock uncertainty           -0.082    25.259    <hidden>
    SLICE_X13Y15         FDCE (Setup_fdce_C_D)       -0.084    25.175    u_core/u_register_file/registers_reg[6][31]
  -------------------------------------------------------------------
                         required time                         25.175    <hidden>
                         arrival time                         -20.246    <hidden>
  -------------------------------------------------------------------
                         slack                                  4.929    <hidden>

Slack (MET) :             4.972ns  (required time - arrival time)
  Source:                 u_core/u_control_unit/prog_mem_reg_2/CLKARDCLK
                            (rising edge-triggered cell RAMB18E1 clocked by clk50_mmcm  {rise@0.000ns fall@10.000ns period=20.000ns})
  Destination:            u_core/u_register_file/registers_reg[0][31]/D
                            (rising edge-triggered cell FDCE clocked by clk50_mmcm  {rise@0.000ns fall@10.000ns period=20.000ns})
  Path Group:             clk50_mmcm
  Path Type:              Setup (Max at Slow Process Corner)
  Requirement:            20.000ns  (clk50_mmcm rise@20.000ns - clk50_mmcm rise@0.000ns)
  Data Path Delay:        14.803ns  (logic 8.712ns (58.853%)  route 6.091ns (41.147%))
  Logic Levels:           11  (CARRY4=3 DSP48E1=2 LUT2=2 LUT4=1 LUT5=1 LUT6=2)
  Clock Path Skew:        -0.085ns (DCD - SCD + CPR)
    Destination Clock Delay (DCD):    5.073ns = ( 25.073 - 20.000 ) 
    Source Clock Delay      (SCD):    5.426ns
    Clock Pessimism Removal (CPR):    0.268ns
  Clock Uncertainty:      0.082ns  ((TSJ^2 + DJ^2)^1/2) / 2 + PE
    Total System Jitter     (TSJ):    0.071ns
    Discrete Jitter          (DJ):    0.147ns
    Phase Error              (PE):    0.000ns

    Location             Delay type                Incr(ns)  Path(ns)    Netlist Resource(s)
  -------------------------------------------------------------------    -------------------
                         (clock clk50_mmcm rise edge)
                                                      0.000     0.000 r  <hidden>
    N15                                               0.000     0.000 r  CLK_100MHZ
                         net (fo=0)                   0.000     0.000    CLK_100MHZ
    N15                  IBUF (Prop_ibuf_I_O)         1.371     1.371 r  CLK_100MHZ_IBUF_inst/O
                         net (fo=1, routed)           1.065     2.436    CLK_100MHZ_IBUF
    MMCME2_ADV_X0Y0      MMCME2_ADV (Prop_mmcme2_adv_CLKIN1_CLKOUT0)
                                                      0.077     2.513 r  u_mmcm/CLKOUT0
                         net (fo=1, routed)           1.425     3.938    clk50_mmcm
    BUFGCTRL_X0Y0        BUFG (Prop_bufg_I_O)         0.081     4.019 r  u_bufg_clk50/O
                         net (fo=1244, routed)        1.406     5.426    u_core/u_control_unit/clk50
    RAMB18_X0Y5          RAMB18E1                                     r  u_core/u_control_unit/prog_mem_reg_2/CLKARDCLK
  -------------------------------------------------------------------    -------------------
    RAMB18_X0Y5          RAMB18E1 (Prop_ramb18e1_CLKARDCLK_DOBDO[6])
                                                      2.125     7.551 r  u_core/u_control_unit/prog_mem_reg_2/DOBDO[6]
                         net (fo=1, routed)           0.626     8.177    u_core/u_control_unit/prog_mem_reg_2_n_25
    SLICE_X9Y14          LUT2 (Prop_lut2_I0_O)        0.126     8.303 r  u_core/u_control_unit/result0_i_99/O
                         net (fo=64, routed)          1.081     9.383    u_core/u_register_file/rf_raddr1[1]
    SLICE_X15Y26         LUT6 (Prop_lut6_I2_O)        0.267     9.650 r  u_core/u_register_file/result0__0_i_21/O
                         net (fo=2, routed)           0.786    10.436    u_core/u_register_file/result0__0_i_21_n_0
    SLICE_X28Y26         LUT4 (Prop_lut4_I3_O)        0.119    10.555 r  u_core/u_register_file/result0__0_i_2/O
                         net (fo=30, routed)          0.977    11.532    u_core/u_alu/rf_rdata1[15]
    DSP48_X0Y9           DSP48E1 (Prop_dsp48e1_A[15]_PCOUT[47])
                                                      3.559    15.091 r  u_core/u_alu/result0__0/PCOUT[47]
                         net (fo=1, routed)           0.056    15.147    u_core/u_alu/result0__0_n_106
    DSP48_X0Y10          DSP48E1 (Prop_dsp48e1_PCIN[47]_P[3])
                                                      1.271    16.418 r  u_core/u_alu/result0__1/P[3]
                         net (fo=2, routed)           0.831    17.249    u_core/u_alu/result0__1_n_102
    SLICE_X12Y27         LUT2 (Prop_lut2_I0_O)        0.105    17.354 r  u_core/u_alu/registers[0][23]_i_11/O
                         net (fo=1, routed)           0.000    17.354    u_core/u_alu/registers[0][23]_i_11_n_0
    SLICE_X12Y27         CARRY4 (Prop_carry4_S[0]_CO[3])
                                                      0.423    17.777 r  u_core/u_alu/registers_reg[0][23]_i_5/CO[3]
                         net (fo=1, routed)           0.000    17.777    u_core/u_alu/registers_reg[0][23]_i_5_n_0
    SLICE_X12Y28         CARRY4 (Prop_carry4_CI_CO[3])
                                                      0.100    17.877 r  u_core/u_alu/registers_reg[0][27]_i_5/CO[3]
                         net (fo=1, routed)           0.000    17.877    u_core/u_alu/registers_reg[0][27]_i_5_n_0
    SLICE_X12Y29         CARRY4 (Prop_carry4_CI_O[3])
                                                      0.262    18.139 r  u_core/u_alu/registers_reg[0][31]_i_18/O[3]
                         net (fo=1, routed)           0.472    18.611    u_core/u_control_unit/registers_reg[6][31][3]
    SLICE_X15Y25         LUT6 (Prop_lut6_I0_O)        0.250    18.861 r  u_core/u_control_unit/registers[0][31]_i_8/O
                         net (fo=1, routed)           0.313    19.174    u_core/u_control_unit/registers[0][31]_i_8_n_0
    SLICE_X15Y25         LUT5 (Prop_lut5_I3_O)        0.105    19.279 r  u_core/u_control_unit/registers[0][31]_i_2/O
                         net (fo=8, routed)           0.950    20.229    u_core/u_register_file/registers_reg[6][31]_0[31]
    SLICE_X11Y15         FDCE                                         r  u_core/u_register_file/registers_reg[0][31]/D
  -------------------------------------------------------------------    -------------------

                         (clock clk50_mmcm rise edge)
                                                     20.000    20.000 r  <hidden>
    N15                                               0.000    20.000 r  CLK_100MHZ
                         net (fo=0)                   0.000    20.000    CLK_100MHZ
    N15                  IBUF (Prop_ibuf_I_O)         1.306    21.306 r  CLK_100MHZ_IBUF_inst/O
                         net (fo=1, routed)           1.004    22.309    CLK_100MHZ_IBUF
    MMCME2_ADV_X0Y0      MMCME2_ADV (Prop_mmcme2_adv_CLKIN1_CLKOUT0)
                                                      0.073    22.382 r  u_mmcm/CLKOUT0
                         net (fo=1, routed)           1.357    23.740    clk50_mmcm
    BUFGCTRL_X0Y0        BUFG (Prop_bufg_I_O)         0.077    23.817 r  u_bufg_clk50/O
                         net (fo=1244, routed)        1.256    25.073    u_core/u_register_file/clk50
    SLICE_X11Y15         FDCE                                         r  u_core/u_register_file/registers_reg[0][31]/C
                         clock pessimism              0.268    25.341    <hidden>
                         clock uncertainty           -0.082    25.259    <hidden>
    SLICE_X11Y15         FDCE (Setup_fdce_C_D)       -0.059    25.200    u_core/u_register_file/registers_reg[0][31]
  -------------------------------------------------------------------
                         required time                         25.200    <hidden>
                         arrival time                         -20.229    <hidden>
  -------------------------------------------------------------------
                         slack                                  4.972    <hidden>

Slack (MET) :             5.004ns  (required time - arrival time)
  Source:                 u_core/u_control_unit/prog_mem_reg_2/CLKARDCLK
                            (rising edge-triggered cell RAMB18E1 clocked by clk50_mmcm  {rise@0.000ns fall@10.000ns period=20.000ns})
  Destination:            u_core/u_register_file/registers_reg[1][31]/D
                            (rising edge-triggered cell FDCE clocked by clk50_mmcm  {rise@0.000ns fall@10.000ns period=20.000ns})
  Path Group:             clk50_mmcm
  Path Type:              Setup (Max at Slow Process Corner)
  Requirement:            20.000ns  (clk50_mmcm rise@20.000ns - clk50_mmcm rise@0.000ns)
  Data Path Delay:        14.803ns  (logic 8.712ns (58.853%)  route 6.091ns (41.147%))
  Logic Levels:           11  (CARRY4=3 DSP48E1=2 LUT2=2 LUT4=1 LUT5=1 LUT6=2)
  Clock Path Skew:        -0.085ns (DCD - SCD + CPR)
    Destination Clock Delay (DCD):    5.073ns = ( 25.073 - 20.000 ) 
    Source Clock Delay      (SCD):    5.426ns
    Clock Pessimism Removal (CPR):    0.268ns
  Clock Uncertainty:      0.082ns  ((TSJ^2 + DJ^2)^1/2) / 2 + PE
    Total System Jitter     (TSJ):    0.071ns
    Discrete Jitter          (DJ):    0.147ns
    Phase Error              (PE):    0.000ns

    Location             Delay type                Incr(ns)  Path(ns)    Netlist Resource(s)
  -------------------------------------------------------------------    -------------------
                         (clock clk50_mmcm rise edge)
                                                      0.000     0.000 r  <hidden>
    N15                                               0.000     0.000 r  CLK_100MHZ
                         net (fo=0)                   0.000     0.000    CLK_100MHZ
    N15                  IBUF (Prop_ibuf_I_O)         1.371     1.371 r  CLK_100MHZ_IBUF_inst/O
                         net (fo=1, routed)           1.065     2.436    CLK_100MHZ_IBUF
    MMCME2_ADV_X0Y0      MMCME2_ADV (Prop_mmcme2_adv_CLKIN1_CLKOUT0)
                                                      0.077     2.513 r  u_mmcm/CLKOUT0
                         net (fo=1, routed)           1.425     3.938    clk50_mmcm
    BUFGCTRL_X0Y0        BUFG (Prop_bufg_I_O)         0.081     4.019 r  u_bufg_clk50/O
                         net (fo=1244, routed)        1.406     5.426    u_core/u_control_unit/clk50
    RAMB18_X0Y5          RAMB18E1                                     r  u_core/u_control_unit/prog_mem_reg_2/CLKARDCLK
  -------------------------------------------------------------------    -------------------
    RAMB18_X0Y5          RAMB18E1 (Prop_ramb18e1_CLKARDCLK_DOBDO[6])
                                                      2.125     7.551 r  u_core/u_control_unit/prog_mem_reg_2/DOBDO[6]
                         net (fo=1, routed)           0.626     8.177    u_core/u_control_unit/prog_mem_reg_2_n_25
    SLICE_X9Y14          LUT2 (Prop_lut2_I0_O)        0.126     8.303 r  u_core/u_control_unit/result0_i_99/O
                         net (fo=64, routed)          1.081     9.383    u_core/u_register_file/rf_raddr1[1]
    SLICE_X15Y26         LUT6 (Prop_lut6_I2_O)        0.267     9.650 r  u_core/u_register_file/result0__0_i_21/O
                         net (fo=2, routed)           0.786    10.436    u_core/u_register_file/result0__0_i_21_n_0
    SLICE_X28Y26         LUT4 (Prop_lut4_I3_O)        0.119    10.555 r  u_core/u_register_file/result0__0_i_2/O
                         net (fo=30, routed)          0.977    11.532    u_core/u_alu/rf_rdata1[15]
    DSP48_X0Y9           DSP48E1 (Prop_dsp48e1_A[15]_PCOUT[47])
                                                      3.559    15.091 r  u_core/u_alu/result0__0/PCOUT[47]
                         net (fo=1, routed)           0.056    15.147    u_core/u_alu/result0__0_n_106
    DSP48_X0Y10          DSP48E1 (Prop_dsp48e1_PCIN[47]_P[3])
                                                      1.271    16.418 r  u_core/u_alu/result0__1/P[3]
                         net (fo=2, routed)           0.831    17.249    u_core/u_alu/result0__1_n_102
    SLICE_X12Y27         LUT2 (Prop_lut2_I0_O)        0.105    17.354 r  u_core/u_alu/registers[0][23]_i_11/O
                         net (fo=1, routed)           0.000    17.354    u_core/u_alu/registers[0][23]_i_11_n_0
    SLICE_X12Y27         CARRY4 (Prop_carry4_S[0]_CO[3])
                                                      0.423    17.777 r  u_core/u_alu/registers_reg[0][23]_i_5/CO[3]
                         net (fo=1, routed)           0.000    17.777    u_core/u_alu/registers_reg[0][23]_i_5_n_0
    SLICE_X12Y28         CARRY4 (Prop_carry4_CI_CO[3])
                                                      0.100    17.877 r  u_core/u_alu/registers_reg[0][27]_i_5/CO[3]
                         net (fo=1, routed)           0.000    17.877    u_core/u_alu/registers_reg[0][27]_i_5_n_0
    SLICE_X12Y29         CARRY4 (Prop_carry4_CI_O[3])
                                                      0.262    18.139 r  u_core/u_alu/registers_reg[0][31]_i_18/O[3]
                         net (fo=1, routed)           0.472    18.611    u_core/u_control_unit/registers_reg[6][31][3]
    SLICE_X15Y25         LUT6 (Prop_lut6_I0_O)        0.250    18.861 r  u_core/u_control_unit/registers[0][31]_i_8/O
                         net (fo=1, routed)           0.313    19.174    u_core/u_control_unit/registers[0][31]_i_8_n_0
    SLICE_X15Y25         LUT5 (Prop_lut5_I3_O)        0.105    19.279 r  u_core/u_control_unit/registers[0][31]_i_2/O
                         net (fo=8, routed)           0.950    20.229    u_core/u_register_file/registers_reg[6][31]_0[31]
    SLICE_X10Y15         FDCE                                         r  u_core/u_register_file/registers_reg[1][31]/D
  -------------------------------------------------------------------    -------------------

                         (clock clk50_mmcm rise edge)
                                                     20.000    20.000 r  <hidden>
    N15                                               0.000    20.000 r  CLK_100MHZ
                         net (fo=0)                   0.000    20.000    CLK_100MHZ
    N15                  IBUF (Prop_ibuf_I_O)         1.306    21.306 r  CLK_100MHZ_IBUF_inst/O
                         net (fo=1, routed)           1.004    22.309    CLK_100MHZ_IBUF
    MMCME2_ADV_X0Y0      MMCME2_ADV (Prop_mmcme2_adv_CLKIN1_CLKOUT0)
                                                      0.073    22.382 r  u_mmcm/CLKOUT0
                         net (fo=1, routed)           1.357    23.740    clk50_mmcm
    BUFGCTRL_X0Y0        BUFG (Prop_bufg_I_O)         0.077    23.817 r  u_bufg_clk50/O
                         net (fo=1244, routed)        1.256    25.073    u_core/u_register_file/clk50
    SLICE_X10Y15         FDCE                                         r  u_core/u_register_file/registers_reg[1][31]/C
                         clock pessimism              0.268    25.341    <hidden>
                         clock uncertainty           -0.082    25.259    <hidden>
    SLICE_X10Y15         FDCE (Setup_fdce_C_D)       -0.027    25.232    u_core/u_register_file/registers_reg[1][31]
  -------------------------------------------------------------------
                         required time                         25.232    <hidden>
                         arrival time                         -20.229    <hidden>
  -------------------------------------------------------------------
                         slack                                  5.004    <hidden>

Slack (MET) :             5.096ns  (required time - arrival time)
  Source:                 u_core/u_control_unit/prog_mem_reg_2/CLKARDCLK
                            (rising edge-triggered cell RAMB18E1 clocked by clk50_mmcm  {rise@0.000ns fall@10.000ns period=20.000ns})
  Destination:            u_core/u_register_file/registers_reg[7][31]/D
                            (rising edge-triggered cell FDCE clocked by clk50_mmcm  {rise@0.000ns fall@10.000ns period=20.000ns})
  Path Group:             clk50_mmcm
  Path Type:              Setup (Max at Slow Process Corner)
  Requirement:            20.000ns  (clk50_mmcm rise@20.000ns - clk50_mmcm rise@0.000ns)
  Data Path Delay:        14.680ns  (logic 8.712ns (59.348%)  route 5.968ns (40.652%))
  Logic Levels:           11  (CARRY4=3 DSP48E1=2 LUT2=2 LUT4=1 LUT5=1 LUT6=2)
  Clock Path Skew:        -0.084ns (DCD - SCD + CPR)
    Destination Clock Delay (DCD):    5.074ns = ( 25.074 - 20.000 ) 
    Source Clock Delay      (SCD):    5.426ns
    Clock Pessimism Removal (CPR):    0.268ns
  Clock Uncertainty:      0.082ns  ((TSJ^2 + DJ^2)^1/2) / 2 + PE
    Total System Jitter     (TSJ):    0.071ns
    Discrete Jitter          (DJ):    0.147ns
    Phase Error              (PE):    0.000ns

    Location             Delay type                Incr(ns)  Path(ns)    Netlist Resource(s)
  -------------------------------------------------------------------    -------------------
                         (clock clk50_mmcm rise edge)
                                                      0.000     0.000 r  <hidden>
    N15                                               0.000     0.000 r  CLK_100MHZ
                         net (fo=0)                   0.000     0.000    CLK_100MHZ
    N15                  IBUF (Prop_ibuf_I_O)         1.371     1.371 r  CLK_100MHZ_IBUF_inst/O
                         net (fo=1, routed)           1.065     2.436    CLK_100MHZ_IBUF
    MMCME2_ADV_X0Y0      MMCME2_ADV (Prop_mmcme2_adv_CLKIN1_CLKOUT0)
                                                      0.077     2.513 r  u_mmcm/CLKOUT0
                         net (fo=1, routed)           1.425     3.938    clk50_mmcm
    BUFGCTRL_X0Y0        BUFG (Prop_bufg_I_O)         0.081     4.019 r  u_bufg_clk50/O
                         net (fo=1244, routed)        1.406     5.426    u_core/u_control_unit/clk50
    RAMB18_X0Y5          RAMB18E1                                     r  u_core/u_control_unit/prog_mem_reg_2/CLKARDCLK
  -------------------------------------------------------------------    -------------------
    RAMB18_X0Y5          RAMB18E1 (Prop_ramb18e1_CLKARDCLK_DOBDO[6])
                                                      2.125     7.551 r  u_core/u_control_unit/prog_mem_reg_2/DOBDO[6]
                         net (fo=1, routed)           0.626     8.177    u_core/u_control_unit/prog_mem_reg_2_n_25
    SLICE_X9Y14          LUT2 (Prop_lut2_I0_O)        0.126     8.303 r  u_core/u_control_unit/result0_i_99/O
                         net (fo=64, routed)          1.081     9.383    u_core/u_register_file/rf_raddr1[1]
    SLICE_X15Y26         LUT6 (Prop_lut6_I2_O)        0.267     9.650 r  u_core/u_register_file/result0__0_i_21/O
                         net (fo=2, routed)           0.786    10.436    u_core/u_register_file/result0__0_i_21_n_0
    SLICE_X28Y26         LUT4 (Prop_lut4_I3_O)        0.119    10.555 r  u_core/u_register_file/result0__0_i_2/O
                         net (fo=30, routed)          0.977    11.532    u_core/u_alu/rf_rdata1[15]
    DSP48_X0Y9           DSP48E1 (Prop_dsp48e1_A[15]_PCOUT[47])
                                                      3.559    15.091 r  u_core/u_alu/result0__0/PCOUT[47]
                         net (fo=1, routed)           0.056    15.147    u_core/u_alu/result0__0_n_106
    DSP48_X0Y10          DSP48E1 (Prop_dsp48e1_PCIN[47]_P[3])
                                                      1.271    16.418 r  u_core/u_alu/result0__1/P[3]
                         net (fo=2, routed)           0.831    17.249    u_core/u_alu/result0__1_n_102
    SLICE_X12Y27         LUT2 (Prop_lut2_I0_O)        0.105    17.354 r  u_core/u_alu/registers[0][23]_i_11/O
                         net (fo=1, routed)           0.000    17.354    u_core/u_alu/registers[0][23]_i_11_n_0
    SLICE_X12Y27         CARRY4 (Prop_carry4_S[0]_CO[3])
                                                      0.423    17.777 r  u_core/u_alu/registers_reg[0][23]_i_5/CO[3]
                         net (fo=1, routed)           0.000    17.777    u_core/u_alu/registers_reg[0][23]_i_5_n_0
    SLICE_X12Y28         CARRY4 (Prop_carry4_CI_CO[3])
                                                      0.100    17.877 r  u_core/u_alu/registers_reg[0][27]_i_5/CO[3]
                         net (fo=1, routed)           0.000    17.877    u_core/u_alu/registers_reg[0][27]_i_5_n_0
    SLICE_X12Y29         CARRY4 (Prop_carry4_CI_O[3])
                                                      0.262    18.139 r  u_core/u_alu/registers_reg[0][31]_i_18/O[3]
                         net (fo=1, routed)           0.472    18.611    u_core/u_control_unit/registers_reg[6][31][3]
    SLICE_X15Y25         LUT6 (Prop_lut6_I0_O)        0.250    18.861 r  u_core/u_control_unit/registers[0][31]_i_8/O
                         net (fo=1, routed)           0.313    19.174    u_core/u_control_unit/registers[0][31]_i_8_n_0
    SLICE_X15Y25         LUT5 (Prop_lut5_I3_O)        0.105    19.279 r  u_core/u_control_unit/registers[0][31]_i_2/O
                         net (fo=8, routed)           0.826    20.105    u_core/u_register_file/registers_reg[6][31]_0[31]
    SLICE_X11Y14         FDCE                                         r  u_core/u_register_file/registers_reg[7][31]/D
  -------------------------------------------------------------------    -------------------

                         (clock clk50_mmcm rise edge)
                                                     20.000    20.000 r  <hidden>
    N15                                               0.000    20.000 r  CLK_100MHZ
                         net (fo=0)                   0.000    20.000    CLK_100MHZ
    N15                  IBUF (Prop_ibuf_I_O)         1.306    21.306 r  CLK_100MHZ_IBUF_inst/O
                         net (fo=1, routed)           1.004    22.309    CLK_100MHZ_IBUF
    MMCME2_ADV_X0Y0      MMCME2_ADV (Prop_mmcme2_adv_CLKIN1_CLKOUT0)
                                                      0.073    22.382 r  u_mmcm/CLKOUT0
                         net (fo=1, routed)           1.357    23.740    clk50_mmcm
    BUFGCTRL_X0Y0        BUFG (Prop_bufg_I_O)         0.077    23.817 r  u_bufg_clk50/O
                         net (fo=1244, routed)        1.257    25.074    u_core/u_register_file/clk50
    SLICE_X11Y14         FDCE                                         r  u_core/u_register_file/registers_reg[7][31]/C
                         clock pessimism              0.268    25.342    <hidden>
                         clock uncertainty           -0.082    25.260    <hidden>
    SLICE_X11Y14         FDCE (Setup_fdce_C_D)       -0.059    25.201    u_core/u_register_file/registers_reg[7][31]
  -------------------------------------------------------------------
                         required time                         25.201    <hidden>
                         arrival time                         -20.105    <hidden>
  -------------------------------------------------------------------
                         slack                                  5.096    <hidden>

Slack (MET) :             5.102ns  (required time - arrival time)
  Source:                 u_core/u_control_unit/prog_mem_reg_2/CLKARDCLK
                            (rising edge-triggered cell RAMB18E1 clocked by clk50_mmcm  {rise@0.000ns fall@10.000ns period=20.000ns})
  Destination:            u_core/u_register_file/registers_reg[4][31]/D
                            (rising edge-triggered cell FDCE clocked by clk50_mmcm  {rise@0.000ns fall@10.000ns period=20.000ns})
  Path Group:             clk50_mmcm
  Path Type:              Setup (Max at Slow Process Corner)
  Requirement:            20.000ns  (clk50_mmcm rise@20.000ns - clk50_mmcm rise@0.000ns)
  Data Path Delay:        14.690ns  (logic 8.712ns (59.307%)  route 5.978ns (40.693%))
  Logic Levels:           11  (CARRY4=3 DSP48E1=2 LUT2=2 LUT4=1 LUT5=1 LUT6=2)
  Clock Path Skew:        -0.068ns (DCD - SCD + CPR)
    Destination Clock Delay (DCD):    5.073ns = ( 25.073 - 20.000 ) 
    Source Clock Delay      (SCD):    5.426ns
    Clock Pessimism Removal (CPR):    0.285ns
  Clock Uncertainty:      0.082ns  ((TSJ^2 + DJ^2)^1/2) / 2 + PE
    Total System Jitter     (TSJ):    0.071ns
    Discrete Jitter          (DJ):    0.147ns
    Phase Error              (PE):    0.000ns

    Location             Delay type                Incr(ns)  Path(ns)    Netlist Resource(s)
  -------------------------------------------------------------------    -------------------
                         (clock clk50_mmcm rise edge)
                                                      0.000     0.000 r  <hidden>
    N15                                               0.000     0.000 r  CLK_100MHZ
                         net (fo=0)                   0.000     0.000    CLK_100MHZ
    N15                  IBUF (Prop_ibuf_I_O)         1.371     1.371 r  CLK_100MHZ_IBUF_inst/O
                         net (fo=1, routed)           1.065     2.436    CLK_100MHZ_IBUF
    MMCME2_ADV_X0Y0      MMCME2_ADV (Prop_mmcme2_adv_CLKIN1_CLKOUT0)
                                                      0.077     2.513 r  u_mmcm/CLKOUT0
                         net (fo=1, routed)           1.425     3.938    clk50_mmcm
    BUFGCTRL_X0Y0        BUFG (Prop_bufg_I_O)         0.081     4.019 r  u_bufg_clk50/O
                         net (fo=1244, routed)        1.406     5.426    u_core/u_control_unit/clk50
    RAMB18_X0Y5          RAMB18E1                                     r  u_core/u_control_unit/prog_mem_reg_2/CLKARDCLK
  -------------------------------------------------------------------    -------------------
    RAMB18_X0Y5          RAMB18E1 (Prop_ramb18e1_CLKARDCLK_DOBDO[6])
                                                      2.125     7.551 r  u_core/u_control_unit/prog_mem_reg_2/DOBDO[6]
                         net (fo=1, routed)           0.626     8.177    u_core/u_control_unit/prog_mem_reg_2_n_25
    SLICE_X9Y14          LUT2 (Prop_lut2_I0_O)        0.126     8.303 r  u_core/u_control_unit/result0_i_99/O
                         net (fo=64, routed)          1.081     9.383    u_core/u_register_file/rf_raddr1[1]
    SLICE_X15Y26         LUT6 (Prop_lut6_I2_O)        0.267     9.650 r  u_core/u_register_file/result0__0_i_21/O
                         net (fo=2, routed)           0.786    10.436    u_core/u_register_file/result0__0_i_21_n_0
    SLICE_X28Y26         LUT4 (Prop_lut4_I3_O)        0.119    10.555 r  u_core/u_register_file/result0__0_i_2/O
                         net (fo=30, routed)          0.977    11.532    u_core/u_alu/rf_rdata1[15]
    DSP48_X0Y9           DSP48E1 (Prop_dsp48e1_A[15]_PCOUT[47])
                                                      3.559    15.091 r  u_core/u_alu/result0__0/PCOUT[47]
                         net (fo=1, routed)           0.056    15.147    u_core/u_alu/result0__0_n_106
    DSP48_X0Y10          DSP48E1 (Prop_dsp48e1_PCIN[47]_P[3])
                                                      1.271    16.418 r  u_core/u_alu/result0__1/P[3]
                         net (fo=2, routed)           0.831    17.249    u_core/u_alu/result0__1_n_102
    SLICE_X12Y27         LUT2 (Prop_lut2_I0_O)        0.105    17.354 r  u_core/u_alu/registers[0][23]_i_11/O
                         net (fo=1, routed)           0.000    17.354    u_core/u_alu/registers[0][23]_i_11_n_0
    SLICE_X12Y27         CARRY4 (Prop_carry4_S[0]_CO[3])
                                                      0.423    17.777 r  u_core/u_alu/registers_reg[0][23]_i_5/CO[3]
                         net (fo=1, routed)           0.000    17.777    u_core/u_alu/registers_reg[0][23]_i_5_n_0
    SLICE_X12Y28         CARRY4 (Prop_carry4_CI_CO[3])
                                                      0.100    17.877 r  u_core/u_alu/registers_reg[0][27]_i_5/CO[3]
                         net (fo=1, routed)           0.000    17.877    u_core/u_alu/registers_reg[0][27]_i_5_n_0
    SLICE_X12Y29         CARRY4 (Prop_carry4_CI_O[3])
                                                      0.262    18.139 r  u_core/u_alu/registers_reg[0][31]_i_18/O[3]
                         net (fo=1, routed)           0.472    18.611    u_core/u_control_unit/registers_reg[6][31][3]
    SLICE_X15Y25         LUT6 (Prop_lut6_I0_O)        0.250    18.861 r  u_core/u_control_unit/registers[0][31]_i_8/O
                         net (fo=1, routed)           0.313    19.174    u_core/u_control_unit/registers[0][31]_i_8_n_0
    SLICE_X15Y25         LUT5 (Prop_lut5_I3_O)        0.105    19.279 r  u_core/u_control_unit/registers[0][31]_i_2/O
                         net (fo=8, routed)           0.836    20.115    u_core/u_register_file/registers_reg[6][31]_0[31]
    SLICE_X9Y15          FDCE                                         r  u_core/u_register_file/registers_reg[4][31]/D
  -------------------------------------------------------------------    -------------------

                         (clock clk50_mmcm rise edge)
                                                     20.000    20.000 r  <hidden>
    N15                                               0.000    20.000 r  CLK_100MHZ
                         net (fo=0)                   0.000    20.000    CLK_100MHZ
    N15                  IBUF (Prop_ibuf_I_O)         1.306    21.306 r  CLK_100MHZ_IBUF_inst/O
                         net (fo=1, routed)           1.004    22.309    CLK_100MHZ_IBUF
    MMCME2_ADV_X0Y0      MMCME2_ADV (Prop_mmcme2_adv_CLKIN1_CLKOUT0)
                                                      0.073    22.382 r  u_mmcm/CLKOUT0
                         net (fo=1, routed)           1.357    23.740    clk50_mmcm
    BUFGCTRL_X0Y0        BUFG (Prop_bufg_I_O)         0.077    23.817 r  u_bufg_clk50/O
                         net (fo=1244, routed)        1.256    25.073    u_core/u_register_file/clk50
    SLICE_X9Y15          FDCE                                         r  u_core/u_register_file/registers_reg[4][31]/C
                         clock pessimism              0.285    25.358    <hidden>
                         clock uncertainty           -0.082    25.276    <hidden>
    SLICE_X9Y15          FDCE (Setup_fdce_C_D)       -0.059    25.217    u_core/u_register_file/registers_reg[4][31]
  -------------------------------------------------------------------
                         required time                         25.217    <hidden>
                         arrival time                         -20.115    <hidden>
  -------------------------------------------------------------------
                         slack                                  5.102    <hidden>

Slack (MET) :             5.139ns  (required time - arrival time)
  Source:                 u_core/u_control_unit/prog_mem_reg_2/CLKARDCLK
                            (rising edge-triggered cell RAMB18E1 clocked by clk50_mmcm  {rise@0.000ns fall@10.000ns period=20.000ns})
  Destination:            u_core/u_register_file/registers_reg[3][31]/D
                            (rising edge-triggered cell FDCE clocked by clk50_mmcm  {rise@0.000ns fall@10.000ns period=20.000ns})
  Path Group:             clk50_mmcm
  Path Type:              Setup (Max at Slow Process Corner)
  Requirement:            20.000ns  (clk50_mmcm rise@20.000ns - clk50_mmcm rise@0.000ns)
  Data Path Delay:        14.636ns  (logic 8.712ns (59.526%)  route 5.924ns (40.474%))
  Logic Levels:           11  (CARRY4=3 DSP48E1=2 LUT2=2 LUT4=1 LUT5=1 LUT6=2)
  Clock Path Skew:        -0.085ns (DCD - SCD + CPR)
    Destination Clock Delay (DCD):    5.073ns = ( 25.073 - 20.000 ) 
    Source Clock Delay      (SCD):    5.426ns
    Clock Pessimism Removal (CPR):    0.268ns
  Clock Uncertainty:      0.082ns  ((TSJ^2 + DJ^2)^1/2) / 2 + PE
    Total System Jitter     (TSJ):    0.071ns
    Discrete Jitter          (DJ):    0.147ns
    Phase Error              (PE):    0.000ns

    Location             Delay type                Incr(ns)  Path(ns)    Netlist Resource(s)
  -------------------------------------------------------------------    -------------------
                         (clock clk50_mmcm rise edge)
                                                      0.000     0.000 r  <hidden>
    N15                                               0.000     0.000 r  CLK_100MHZ
                         net (fo=0)                   0.000     0.000    CLK_100MHZ
    N15                  IBUF (Prop_ibuf_I_O)         1.371     1.371 r  CLK_100MHZ_IBUF_inst/O
                         net (fo=1, routed)           1.065     2.436    CLK_100MHZ_IBUF
    MMCME2_ADV_X0Y0      MMCME2_ADV (Prop_mmcme2_adv_CLKIN1_CLKOUT0)
                                                      0.077     2.513 r  u_mmcm/CLKOUT0
                         net (fo=1, routed)           1.425     3.938    clk50_mmcm
    BUFGCTRL_X0Y0        BUFG (Prop_bufg_I_O)         0.081     4.019 r  u_bufg_clk50/O
                         net (fo=1244, routed)        1.406     5.426    u_core/u_control_unit/clk50
    RAMB18_X0Y5          RAMB18E1                                     r  u_core/u_control_unit/prog_mem_reg_2/CLKARDCLK
  -------------------------------------------------------------------    -------------------
    RAMB18_X0Y5          RAMB18E1 (Prop_ramb18e1_CLKARDCLK_DOBDO[6])
                                                      2.125     7.551 r  u_core/u_control_unit/prog_mem_reg_2/DOBDO[6]
                         net (fo=1, routed)           0.626     8.177    u_core/u_control_unit/prog_mem_reg_2_n_25
    SLICE_X9Y14          LUT2 (Prop_lut2_I0_O)        0.126     8.303 r  u_core/u_control_unit/result0_i_99/O
                         net (fo=64, routed)          1.081     9.383    u_core/u_register_file/rf_raddr1[1]
    SLICE_X15Y26         LUT6 (Prop_lut6_I2_O)        0.267     9.650 r  u_core/u_register_file/result0__0_i_21/O
                         net (fo=2, routed)           0.786    10.436    u_core/u_register_file/result0__0_i_21_n_0
    SLICE_X28Y26         LUT4 (Prop_lut4_I3_O)        0.119    10.555 r  u_core/u_register_file/result0__0_i_2/O
                         net (fo=30, routed)          0.977    11.532    u_core/u_alu/rf_rdata1[15]
    DSP48_X0Y9           DSP48E1 (Prop_dsp48e1_A[15]_PCOUT[47])
                                                      3.559    15.091 r  u_core/u_alu/result0__0/PCOUT[47]
                         net (fo=1, routed)           0.056    15.147    u_core/u_alu/result0__0_n_106
    DSP48_X0Y10          DSP48E1 (Prop_dsp48e1_PCIN[47]_P[3])
                                                      1.271    16.418 r  u_core/u_alu/result0__1/P[3]
                         net (fo=2, routed)           0.831    17.249    u_core/u_alu/result0__1_n_102
    SLICE_X12Y27         LUT2 (Prop_lut2_I0_O)        0.105    17.354 r  u_core/u_alu/registers[0][23]_i_11/O
                         net (fo=1, routed)           0.000    17.354    u_core/u_alu/registers[0][23]_i_11_n_0
    SLICE_X12Y27         CARRY4 (Prop_carry4_S[0]_CO[3])
                                                      0.423    17.777 r  u_core/u_alu/registers_reg[0][23]_i_5/CO[3]
                         net (fo=1, routed)           0.000    17.777    u_core/u_alu/registers_reg[0][23]_i_5_n_0
    SLICE_X12Y28         CARRY4 (Prop_carry4_CI_CO[3])
                                                      0.100    17.877 r  u_core/u_alu/registers_reg[0][27]_i_5/CO[3]
                         net (fo=1, routed)           0.000    17.877    u_core/u_alu/registers_reg[0][27]_i_5_n_0
    SLICE_X12Y29         CARRY4 (Prop_carry4_CI_O[3])
                                                      0.262    18.139 r  u_core/u_alu/registers_reg[0][31]_i_18/O[3]
                         net (fo=1, routed)           0.472    18.611    u_core/u_control_unit/registers_reg[6][31][3]
    SLICE_X15Y25         LUT6 (Prop_lut6_I0_O)        0.250    18.861 r  u_core/u_control_unit/registers[0][31]_i_8/O
                         net (fo=1, routed)           0.313    19.174    u_core/u_control_unit/registers[0][31]_i_8_n_0
    SLICE_X15Y25         LUT5 (Prop_lut5_I3_O)        0.105    19.279 r  u_core/u_control_unit/registers[0][31]_i_2/O
                         net (fo=8, routed)           0.782    20.061    u_core/u_register_file/registers_reg[6][31]_0[31]
    SLICE_X11Y16         FDCE                                         r  u_core/u_register_file/registers_reg[3][31]/D
  -------------------------------------------------------------------    -------------------

                         (clock clk50_mmcm rise edge)
                                                     20.000    20.000 r  <hidden>
    N15                                               0.000    20.000 r  CLK_100MHZ
                         net (fo=0)                   0.000    20.000    CLK_100MHZ
    N15                  IBUF (Prop_ibuf_I_O)         1.306    21.306 r  CLK_100MHZ_IBUF_inst/O
                         net (fo=1, routed)           1.004    22.309    CLK_100MHZ_IBUF
    MMCME2_ADV_X0Y0      MMCME2_ADV (Prop_mmcme2_adv_CLKIN1_CLKOUT0)
                                                      0.073    22.382 r  u_mmcm/CLKOUT0
                         net (fo=1, routed)           1.357    23.740    clk50_mmcm
    BUFGCTRL_X0Y0        BUFG (Prop_bufg_I_O)         0.077    23.817 r  u_bufg_clk50/O
                         net (fo=1244, routed)        1.256    25.073    u_core/u_register_file/clk50
    SLICE_X11Y16         FDCE                                         r  u_core/u_register_file/registers_reg[3][31]/C
                         clock pessimism              0.268    25.341    <hidden>
                         clock uncertainty           -0.082    25.259    <hidden>
    SLICE_X11Y16         FDCE (Setup_fdce_C_D)       -0.059    25.200    u_core/u_register_file/registers_reg[3][31]
  -------------------------------------------------------------------
                         required time                         25.200    <hidden>
                         arrival time                         -20.061    <hidden>
  -------------------------------------------------------------------
                         slack                                  5.139    <hidden>

Slack (MET) :             5.169ns  (required time - arrival time)
  Source:                 u_core/u_control_unit/prog_mem_reg_2/CLKARDCLK
                            (rising edge-triggered cell RAMB18E1 clocked by clk50_mmcm  {rise@0.000ns fall@10.000ns period=20.000ns})
  Destination:            u_core/u_register_file/registers_reg[2][31]/D
                            (rising edge-triggered cell FDCE clocked by clk50_mmcm  {rise@0.000ns fall@10.000ns period=20.000ns})
  Path Group:             clk50_mmcm
  Path Type:              Setup (Max at Slow Process Corner)
  Requirement:            20.000ns  (clk50_mmcm rise@20.000ns - clk50_mmcm rise@0.000ns)
  Data Path Delay:        14.667ns  (logic 8.712ns (59.400%)  route 5.955ns (40.600%))
  Logic Levels:           11  (CARRY4=3 DSP48E1=2 LUT2=2 LUT4=1 LUT5=1 LUT6=2)
  Clock Path Skew:        -0.068ns (DCD - SCD + CPR)
    Destination Clock Delay (DCD):    5.073ns = ( 25.073 - 20.000 ) 
    Source Clock Delay      (SCD):    5.426ns
    Clock Pessimism Removal (CPR):    0.285ns
  Clock Uncertainty:      0.082ns  ((TSJ^2 + DJ^2)^1/2) / 2 + PE
    Total System Jitter     (TSJ):    0.071ns
    Discrete Jitter          (DJ):    0.147ns
    Phase Error              (PE):    0.000ns

    Location             Delay type                Incr(ns)  Path(ns)    Netlist Resource(s)
  -------------------------------------------------------------------    -------------------
                         (clock clk50_mmcm rise edge)
                                                      0.000     0.000 r  <hidden>
    N15                                               0.000     0.000 r  CLK_100MHZ
                         net (fo=0)                   0.000     0.000    CLK_100MHZ
    N15                  IBUF (Prop_ibuf_I_O)         1.371     1.371 r  CLK_100MHZ_IBUF_inst/O
                         net (fo=1, routed)           1.065     2.436    CLK_100MHZ_IBUF
    MMCME2_ADV_X0Y0      MMCME2_ADV (Prop_mmcme2_adv_CLKIN1_CLKOUT0)
                                                      0.077     2.513 r  u_mmcm/CLKOUT0
                         net (fo=1, routed)           1.425     3.938    clk50_mmcm
    BUFGCTRL_X0Y0        BUFG (Prop_bufg_I_O)         0.081     4.019 r  u_bufg_clk50/O
                         net (fo=1244, routed)        1.406     5.426    u_core/u_control_unit/clk50
    RAMB18_X0Y5          RAMB18E1                                     r  u_core/u_control_unit/prog_mem_reg_2/CLKARDCLK
  -------------------------------------------------------------------    -------------------
    RAMB18_X0Y5          RAMB18E1 (Prop_ramb18e1_CLKARDCLK_DOBDO[6])
                                                      2.125     7.551 r  u_core/u_control_unit/prog_mem_reg_2/DOBDO[6]
                         net (fo=1, routed)           0.626     8.177    u_core/u_control_unit/prog_mem_reg_2_n_25
    SLICE_X9Y14          LUT2 (Prop_lut2_I0_O)        0.126     8.303 r  u_core/u_control_unit/result0_i_99/O
                         net (fo=64, routed)          1.081     9.383    u_core/u_register_file/rf_raddr1[1]
    SLICE_X15Y26         LUT6 (Prop_lut6_I2_O)        0.267     9.650 r  u_core/u_register_file/result0__0_i_21/O
                         net (fo=2, routed)           0.786    10.436    u_core/u_register_file/result0__0_i_21_n_0
    SLICE_X28Y26         LUT4 (Prop_lut4_I3_O)        0.119    10.555 r  u_core/u_register_file/result0__0_i_2/O
                         net (fo=30, routed)          0.977    11.532    u_core/u_alu/rf_rdata1[15]
    DSP48_X0Y9           DSP48E1 (Prop_dsp48e1_A[15]_PCOUT[47])
                                                      3.559    15.091 r  u_core/u_alu/result0__0/PCOUT[47]
                         net (fo=1, routed)           0.056    15.147    u_core/u_alu/result0__0_n_106
    DSP48_X0Y10          DSP48E1 (Prop_dsp48e1_PCIN[47]_P[3])
                                                      1.271    16.418 r  u_core/u_alu/result0__1/P[3]
                         net (fo=2, routed)           0.831    17.249    u_core/u_alu/result0__1_n_102
    SLICE_X12Y27         LUT2 (Prop_lut2_I0_O)        0.105    17.354 r  u_core/u_alu/registers[0][23]_i_11/O
                         net (fo=1, routed)           0.000    17.354    u_core/u_alu/registers[0][23]_i_11_n_0
    SLICE_X12Y27         CARRY4 (Prop_carry4_S[0]_CO[3])
                                                      0.423    17.777 r  u_core/u_alu/registers_reg[0][23]_i_5/CO[3]
                         net (fo=1, routed)           0.000    17.777    u_core/u_alu/registers_reg[0][23]_i_5_n_0
    SLICE_X12Y28         CARRY4 (Prop_carry4_CI_CO[3])
                                                      0.100    17.877 r  u_core/u_alu/registers_reg[0][27]_i_5/CO[3]
                         net (fo=1, routed)           0.000    17.877    u_core/u_alu/registers_reg[0][27]_i_5_n_0
    SLICE_X12Y29         CARRY4 (Prop_carry4_CI_O[3])
                                                      0.262    18.139 r  u_core/u_alu/registers_reg[0][31]_i_18/O[3]
                         net (fo=1, routed)           0.472    18.611    u_core/u_control_unit/registers_reg[6][31][3]
    SLICE_X15Y25         LUT6 (Prop_lut6_I0_O)        0.250    18.861 r  u_core/u_control_unit/registers[0][31]_i_8/O
                         net (fo=1, routed)           0.313    19.174    u_core/u_control_unit/registers[0][31]_i_8_n_0
    SLICE_X15Y25         LUT5 (Prop_lut5_I3_O)        0.105    19.279 r  u_core/u_control_unit/registers[0][31]_i_2/O
                         net (fo=8, routed)           0.813    20.092    u_core/u_register_file/registers_reg[6][31]_0[31]
    SLICE_X8Y15          FDCE                                         r  u_core/u_register_file/registers_reg[2][31]/D
  -------------------------------------------------------------------    -------------------

                         (clock clk50_mmcm rise edge)
                                                     20.000    20.000 r  <hidden>
    N15                                               0.000    20.000 r  CLK_100MHZ
                         net (fo=0)                   0.000    20.000    CLK_100MHZ
    N15                  IBUF (Prop_ibuf_I_O)         1.306    21.306 r  CLK_100MHZ_IBUF_inst/O
                         net (fo=1, routed)           1.004    22.309    CLK_100MHZ_IBUF
    MMCME2_ADV_X0Y0      MMCME2_ADV (Prop_mmcme2_adv_CLKIN1_CLKOUT0)
                                                      0.073    22.382 r  u_mmcm/CLKOUT0
                         net (fo=1, routed)           1.357    23.740    clk50_mmcm
    BUFGCTRL_X0Y0        BUFG (Prop_bufg_I_O)         0.077    23.817 r  u_bufg_clk50/O
                         net (fo=1244, routed)        1.256    25.073    u_core/u_register_file/clk50
    SLICE_X8Y15          FDCE                                         r  u_core/u_register_file/registers_reg[2][31]/C
                         clock pessimism              0.285    25.358    <hidden>
                         clock uncertainty           -0.082    25.276    <hidden>
    SLICE_X8Y15          FDCE (Setup_fdce_C_D)       -0.015    25.261    u_core/u_register_file/registers_reg[2][31]
  -------------------------------------------------------------------
                         required time                         25.261    <hidden>
                         arrival time                         -20.092    <hidden>
  -------------------------------------------------------------------
                         slack                                  5.169    <hidden>

Slack (MET) :             5.243ns  (required time - arrival time)
  Source:                 u_core/u_control_unit/prog_mem_reg_2/CLKARDCLK
                            (rising edge-triggered cell RAMB18E1 clocked by clk50_mmcm  {rise@0.000ns fall@10.000ns period=20.000ns})
  Destination:            u_core/u_register_file/registers_reg[3][23]/D
                            (rising edge-triggered cell FDCE clocked by clk50_mmcm  {rise@0.000ns fall@10.000ns period=20.000ns})
  Path Group:             clk50_mmcm
  Path Type:              Setup (Max at Slow Process Corner)
  Requirement:            20.000ns  (clk50_mmcm rise@20.000ns - clk50_mmcm rise@0.000ns)
  Data Path Delay:        14.543ns  (logic 8.432ns (57.979%)  route 6.111ns (42.021%))
  Logic Levels:           9  (CARRY4=1 DSP48E1=2 LUT2=2 LUT4=1 LUT5=1 LUT6=2)
  Clock Path Skew:        -0.086ns (DCD - SCD + CPR)
    Destination Clock Delay (DCD):    5.072ns = ( 25.072 - 20.000 ) 
    Source Clock Delay      (SCD):    5.426ns
    Clock Pessimism Removal (CPR):    0.268ns
  Clock Uncertainty:      0.082ns  ((TSJ^2 + DJ^2)^1/2) / 2 + PE
    Total System Jitter     (TSJ):    0.071ns
    Discrete Jitter          (DJ):    0.147ns
    Phase Error              (PE):    0.000ns

    Location             Delay type                Incr(ns)  Path(ns)    Netlist Resource(s)
  -------------------------------------------------------------------    -------------------
                         (clock clk50_mmcm rise edge)
                                                      0.000     0.000 r  <hidden>
    N15                                               0.000     0.000 r  CLK_100MHZ
                         net (fo=0)                   0.000     0.000    CLK_100MHZ
    N15                  IBUF (Prop_ibuf_I_O)         1.371     1.371 r  CLK_100MHZ_IBUF_inst/O
                         net (fo=1, routed)           1.065     2.436    CLK_100MHZ_IBUF
    MMCME2_ADV_X0Y0      MMCME2_ADV (Prop_mmcme2_adv_CLKIN1_CLKOUT0)
                                                      0.077     2.513 r  u_mmcm/CLKOUT0
                         net (fo=1, routed)           1.425     3.938    clk50_mmcm
    BUFGCTRL_X0Y0        BUFG (Prop_bufg_I_O)         0.081     4.019 r  u_bufg_clk50/O
                         net (fo=1244, routed)        1.406     5.426    u_core/u_control_unit/clk50
    RAMB18_X0Y5          RAMB18E1                                     r  u_core/u_control_unit/prog_mem_reg_2/CLKARDCLK
  -------------------------------------------------------------------    -------------------
    RAMB18_X0Y5          RAMB18E1 (Prop_ramb18e1_CLKARDCLK_DOBDO[6])
                                                      2.125     7.551 r  u_core/u_control_unit/prog_mem_reg_2/DOBDO[6]
                         net (fo=1, routed)           0.626     8.177    u_core/u_control_unit/prog_mem_reg_2_n_25
    SLICE_X9Y14          LUT2 (Prop_lut2_I0_O)        0.126     8.303 r  u_core/u_control_unit/result0_i_99/O
                         net (fo=64, routed)          1.081     9.383    u_core/u_register_file/rf_raddr1[1]
    SLICE_X15Y26         LUT6 (Prop_lut6_I2_O)        0.267     9.650 r  u_core/u_register_file/result0__0_i_21/O
                         net (fo=2, routed)           0.786    10.436    u_core/u_register_file/result0__0_i_21_n_0
    SLICE_X28Y26         LUT4 (Prop_lut4_I3_O)        0.119    10.555 r  u_core/u_register_file/result0__0_i_2/O
                         net (fo=30, routed)          0.977    11.532    u_core/u_alu/rf_rdata1[15]
    DSP48_X0Y9           DSP48E1 (Prop_dsp48e1_A[15]_PCOUT[47])
                                                      3.559    15.091 r  u_core/u_alu/result0__0/PCOUT[47]
                         net (fo=1, routed)           0.056    15.147    u_core/u_alu/result0__0_n_106
    DSP48_X0Y10          DSP48E1 (Prop_dsp48e1_PCIN[47]_P[3])
                                                      1.271    16.418 r  u_core/u_alu/result0__1/P[3]
                         net (fo=2, routed)           0.831    17.249    u_core/u_alu/result0__1_n_102
    SLICE_X12Y27         LUT2 (Prop_lut2_I0_O)        0.105    17.354 r  u_core/u_alu/registers[0][23]_i_11/O
                         net (fo=1, routed)           0.000    17.354    u_core/u_alu/registers[0][23]_i_11_n_0
    SLICE_X12Y27         CARRY4 (Prop_carry4_S[0]_O[3])
                                                      0.505    17.859 r  u_core/u_alu/registers_reg[0][23]_i_5/O[3]
                         net (fo=1, routed)           0.530    18.389    u_core/u_control_unit/registers_reg[6][23][3]
    SLICE_X14Y27         LUT6 (Prop_lut6_I0_O)        0.250    18.639 r  u_core/u_control_unit/registers[0][23]_i_3/O
                         net (fo=1, routed)           0.375    19.013    u_core/u_control_unit/registers[0][23]_i_3_n_0
    SLICE_X14Y27         LUT5 (Prop_lut5_I3_O)        0.105    19.118 r  u_core/u_control_unit/registers[0][23]_i_1/O
                         net (fo=8, routed)           0.850    19.969    u_core/u_register_file/registers_reg[6][31]_0[23]
    SLICE_X13Y32         FDCE                                         r  u_core/u_register_file/registers_reg[3][23]/D
  -------------------------------------------------------------------    -------------------

                         (clock clk50_mmcm rise edge)
                                                     20.000    20.000 r  <hidden>
    N15                                               0.000    20.000 r  CLK_100MHZ
                         net (fo=0)                   0.000    20.000    CLK_100MHZ
    N15                  IBUF (Prop_ibuf_I_O)         1.306    21.306 r  CLK_100MHZ_IBUF_inst/O
                         net (fo=1, routed)           1.004    22.309    CLK_100MHZ_IBUF
    MMCME2_ADV_X0Y0      MMCME2_ADV (Prop_mmcme2_adv_CLKIN1_CLKOUT0)
                                                      0.073    22.382 r  u_mmcm/CLKOUT0
                         net (fo=1, routed)           1.357    23.740    clk50_mmcm
    BUFGCTRL_X0Y0        BUFG (Prop_bufg_I_O)         0.077    23.817 r  u_bufg_clk50/O
                         net (fo=1244, routed)        1.255    25.072    u_core/u_register_file/clk50
    SLICE_X13Y32         FDCE                                         r  u_core/u_register_file/registers_reg[3][23]/C
                         clock pessimism              0.268    25.340    <hidden>
                         clock uncertainty           -0.082    25.258    <hidden>
    SLICE_X13Y32         FDCE (Setup_fdce_C_D)       -0.047    25.211    u_core/u_register_file/registers_reg[3][23]
  -------------------------------------------------------------------
                         required time                         25.211    <hidden>
                         arrival time                         -19.969    <hidden>
  -------------------------------------------------------------------
                         slack                                  5.243    <hidden>

Slack (MET) :             5.245ns  (required time - arrival time)
  Source:                 u_core/u_control_unit/prog_mem_reg_2/CLKARDCLK
                            (rising edge-triggered cell RAMB18E1 clocked by clk50_mmcm  {rise@0.000ns fall@10.000ns period=20.000ns})
  Destination:            u_core/u_register_file/registers_reg[4][24]/D
                            (rising edge-triggered cell FDCE clocked by clk50_mmcm  {rise@0.000ns fall@10.000ns period=20.000ns})
  Path Group:             clk50_mmcm
  Path Type:              Setup (Max at Slow Process Corner)
  Requirement:            20.000ns  (clk50_mmcm rise@20.000ns - clk50_mmcm rise@0.000ns)
  Data Path Delay:        14.545ns  (logic 8.516ns (58.548%)  route 6.029ns (41.452%))
  Logic Levels:           10  (CARRY4=2 DSP48E1=2 LUT2=2 LUT4=1 LUT5=1 LUT6=2)
  Clock Path Skew:        -0.086ns (DCD - SCD + CPR)
    Destination Clock Delay (DCD):    5.072ns = ( 25.072 - 20.000 ) 
    Source Clock Delay      (SCD):    5.426ns
    Clock Pessimism Removal (CPR):    0.268ns
  Clock Uncertainty:      0.082ns  ((TSJ^2 + DJ^2)^1/2) / 2 + PE
    Total System Jitter     (TSJ):    0.071ns
    Discrete Jitter          (DJ):    0.147ns
    Phase Error              (PE):    0.000ns

    Location             Delay type                Incr(ns)  Path(ns)    Netlist Resource(s)
  -------------------------------------------------------------------    -------------------
                         (clock clk50_mmcm rise edge)
                                                      0.000     0.000 r  <hidden>
    N15                                               0.000     0.000 r  CLK_100MHZ
                         net (fo=0)                   0.000     0.000    CLK_100MHZ
    N15                  IBUF (Prop_ibuf_I_O)         1.371     1.371 r  CLK_100MHZ_IBUF_inst/O
                         net (fo=1, routed)           1.065     2.436    CLK_100MHZ_IBUF
    MMCME2_ADV_X0Y0      MMCME2_ADV (Prop_mmcme2_adv_CLKIN1_CLKOUT0)
                                                      0.077     2.513 r  u_mmcm/CLKOUT0
                         net (fo=1, routed)           1.425     3.938    clk50_mmcm
    BUFGCTRL_X0Y0        BUFG (Prop_bufg_I_O)         0.081     4.019 r  u_bufg_clk50/O
                         net (fo=1244, routed)        1.406     5.426    u_core/u_control_unit/clk50
    RAMB18_X0Y5          RAMB18E1                                     r  u_core/u_control_unit/prog_mem_reg_2/CLKARDCLK
  -------------------------------------------------------------------    -------------------
    RAMB18_X0Y5          RAMB18E1 (Prop_ramb18e1_CLKARDCLK_DOBDO[6])
                                                      2.125     7.551 r  u_core/u_control_unit/prog_mem_reg_2/DOBDO[6]
                         net (fo=1, routed)           0.626     8.177    u_core/u_control_unit/prog_mem_reg_2_n_25
    SLICE_X9Y14          LUT2 (Prop_lut2_I0_O)        0.126     8.303 r  u_core/u_control_unit/result0_i_99/O
                         net (fo=64, routed)          1.081     9.383    u_core/u_register_file/rf_raddr1[1]
    SLICE_X15Y26         LUT6 (Prop_lut6_I2_O)        0.267     9.650 r  u_core/u_register_file/result0__0_i_21/O
                         net (fo=2, routed)           0.786    10.436    u_core/u_register_file/result0__0_i_21_n_0
    SLICE_X28Y26         LUT4 (Prop_lut4_I3_O)        0.119    10.555 r  u_core/u_register_file/result0__0_i_2/O
                         net (fo=30, routed)          0.977    11.532    u_core/u_alu/rf_rdata1[15]
    DSP48_X0Y9           DSP48E1 (Prop_dsp48e1_A[15]_PCOUT[47])
                                                      3.559    15.091 r  u_core/u_alu/result0__0/PCOUT[47]
                         net (fo=1, routed)           0.056    15.147    u_core/u_alu/result0__0_n_106
    DSP48_X0Y10          DSP48E1 (Prop_dsp48e1_PCIN[47]_P[3])
                                                      1.271    16.418 r  u_core/u_alu/result0__1/P[3]
                         net (fo=2, routed)           0.831    17.249    u_core/u_alu/result0__1_n_102
    SLICE_X12Y27         LUT2 (Prop_lut2_I0_O)        0.105    17.354 r  u_core/u_alu/registers[0][23]_i_11/O
                         net (fo=1, routed)           0.000    17.354    u_core/u_alu/registers[0][23]_i_11_n_0
    SLICE_X12Y27         CARRY4 (Prop_carry4_S[0]_CO[3])
                                                      0.423    17.777 r  u_core/u_alu/registers_reg[0][23]_i_5/CO[3]
                         net (fo=1, routed)           0.000    17.777    u_core/u_alu/registers_reg[0][23]_i_5_n_0
    SLICE_X12Y28         CARRY4 (Prop_carry4_CI_O[0])
                                                      0.178    17.955 r  u_core/u_alu/registers_reg[0][27]_i_5/O[0]
                         net (fo=1, routed)           0.556    18.511    u_core/u_control_unit/registers_reg[6][27][0]
    SLICE_X14Y26         LUT6 (Prop_lut6_I0_O)        0.238    18.749 r  u_core/u_control_unit/registers[0][24]_i_3/O
                         net (fo=1, routed)           0.383    19.132    u_core/u_control_unit/registers[0][24]_i_3_n_0
    SLICE_X14Y26         LUT5 (Prop_lut5_I3_O)        0.105    19.237 r  u_core/u_control_unit/registers[0][24]_i_1/O
                         net (fo=8, routed)           0.734    19.971    u_core/u_register_file/registers_reg[6][31]_0[24]
    SLICE_X15Y32         FDCE                                         r  u_core/u_register_file/registers_reg[4][24]/D
  -------------------------------------------------------------------    -------------------

                         (clock clk50_mmcm rise edge)
                                                     20.000    20.000 r  <hidden>
    N15                                               0.000    20.000 r  CLK_100MHZ
                         net (fo=0)                   0.000    20.000    CLK_100MHZ
    N15                  IBUF (Prop_ibuf_I_O)         1.306    21.306 r  CLK_100MHZ_IBUF_inst/O
                         net (fo=1, routed)           1.004    22.309    CLK_100MHZ_IBUF
    MMCME2_ADV_X0Y0      MMCME2_ADV (Prop_mmcme2_adv_CLKIN1_CLKOUT0)
                                                      0.073    22.382 r  u_mmcm/CLKOUT0
                         net (fo=1, routed)           1.357    23.740    clk50_mmcm
    BUFGCTRL_X0Y0        BUFG (Prop_bufg_I_O)         0.077    23.817 r  u_bufg_clk50/O
                         net (fo=1244, routed)        1.255    25.072    u_core/u_register_file/clk50
    SLICE_X15Y32         FDCE                                         r  u_core/u_register_file/registers_reg[4][24]/C
                         clock pessimism              0.268    25.340    <hidden>
                         clock uncertainty           -0.082    25.258    <hidden>
    SLICE_X15Y32         FDCE (Setup_fdce_C_D)       -0.042    25.216    u_core/u_register_file/registers_reg[4][24]
  -------------------------------------------------------------------
                         required time                         25.216    <hidden>
                         arrival time                         -19.971    <hidden>
  -------------------------------------------------------------------
                         slack                                  5.245    <hidden>

Slack (MET) :             5.266ns  (required time - arrival time)
  Source:                 u_core/u_control_unit/prog_mem_reg_2/CLKARDCLK
                            (rising edge-triggered cell RAMB18E1 clocked by clk50_mmcm  {rise@0.000ns fall@10.000ns period=20.000ns})
  Destination:            u_core/u_register_file/registers_reg[6][24]/D
                            (rising edge-triggered cell FDCE clocked by clk50_mmcm  {rise@0.000ns fall@10.000ns period=20.000ns})
  Path Group:             clk50_mmcm
  Path Type:              Setup (Max at Slow Process Corner)
  Requirement:            20.000ns  (clk50_mmcm rise@20.000ns - clk50_mmcm rise@0.000ns)
  Data Path Delay:        14.547ns  (logic 8.516ns (58.540%)  route 6.031ns (41.460%))
  Logic Levels:           10  (CARRY4=2 DSP48E1=2 LUT2=2 LUT4=1 LUT5=1 LUT6=2)
  Clock Path Skew:        -0.088ns (DCD - SCD + CPR)
    Destination Clock Delay (DCD):    5.070ns = ( 25.070 - 20.000 ) 
    Source Clock Delay      (SCD):    5.426ns
    Clock Pessimism Removal (CPR):    0.268ns
  Clock Uncertainty:      0.082ns  ((TSJ^2 + DJ^2)^1/2) / 2 + PE
    Total System Jitter     (TSJ):    0.071ns
    Discrete Jitter          (DJ):    0.147ns
    Phase Error              (PE):    0.000ns

    Location             Delay type                Incr(ns)  Path(ns)    Netlist Resource(s)
  -------------------------------------------------------------------    -------------------
                         (clock clk50_mmcm rise edge)
                                                      0.000     0.000 r  <hidden>
    N15                                               0.000     0.000 r  CLK_100MHZ
                         net (fo=0)                   0.000     0.000    CLK_100MHZ
    N15                  IBUF (Prop_ibuf_I_O)         1.371     1.371 r  CLK_100MHZ_IBUF_inst/O
                         net (fo=1, routed)           1.065     2.436    CLK_100MHZ_IBUF
    MMCME2_ADV_X0Y0      MMCME2_ADV (Prop_mmcme2_adv_CLKIN1_CLKOUT0)
                                                      0.077     2.513 r  u_mmcm/CLKOUT0
                         net (fo=1, routed)           1.425     3.938    clk50_mmcm
    BUFGCTRL_X0Y0        BUFG (Prop_bufg_I_O)         0.081     4.019 r  u_bufg_clk50/O
                         net (fo=1244, routed)        1.406     5.426    u_core/u_control_unit/clk50
    RAMB18_X0Y5          RAMB18E1                                     r  u_core/u_control_unit/prog_mem_reg_2/CLKARDCLK
  -------------------------------------------------------------------    -------------------
    RAMB18_X0Y5          RAMB18E1 (Prop_ramb18e1_CLKARDCLK_DOBDO[6])
                                                      2.125     7.551 r  u_core/u_control_unit/prog_mem_reg_2/DOBDO[6]
                         net (fo=1, routed)           0.626     8.177    u_core/u_control_unit/prog_mem_reg_2_n_25
    SLICE_X9Y14          LUT2 (Prop_lut2_I0_O)        0.126     8.303 r  u_core/u_control_unit/result0_i_99/O
                         net (fo=64, routed)          1.081     9.383    u_core/u_register_file/rf_raddr1[1]
    SLICE_X15Y26         LUT6 (Prop_lut6_I2_O)        0.267     9.650 r  u_core/u_register_file/result0__0_i_21/O
                         net (fo=2, routed)           0.786    10.436    u_core/u_register_file/result0__0_i_21_n_0
    SLICE_X28Y26         LUT4 (Prop_lut4_I3_O)        0.119    10.555 r  u_core/u_register_file/result0__0_i_2/O
                         net (fo=30, routed)          0.977    11.532    u_core/u_alu/rf_rdata1[15]
    DSP48_X0Y9           DSP48E1 (Prop_dsp48e1_A[15]_PCOUT[47])
                                                      3.559    15.091 r  u_core/u_alu/result0__0/PCOUT[47]
                         net (fo=1, routed)           0.056    15.147    u_core/u_alu/result0__0_n_106
    DSP48_X0Y10          DSP48E1 (Prop_dsp48e1_PCIN[47]_P[3])
                                                      1.271    16.418 r  u_core/u_alu/result0__1/P[3]
                         net (fo=2, routed)           0.831    17.249    u_core/u_alu/result0__1_n_102
    SLICE_X12Y27         LUT2 (Prop_lut2_I0_O)        0.105    17.354 r  u_core/u_alu/registers[0][23]_i_11/O
                         net (fo=1, routed)           0.000    17.354    u_core/u_alu/registers[0][23]_i_11_n_0
    SLICE_X12Y27         CARRY4 (Prop_carry4_S[0]_CO[3])
                                                      0.423    17.777 r  u_core/u_alu/registers_reg[0][23]_i_5/CO[3]
                         net (fo=1, routed)           0.000    17.777    u_core/u_alu/registers_reg[0][23]_i_5_n_0
    SLICE_X12Y28         CARRY4 (Prop_carry4_CI_O[0])
                                                      0.178    17.955 r  u_core/u_alu/registers_reg[0][27]_i_5/O[0]
                         net (fo=1, routed)           0.556    18.511    u_core/u_control_unit/registers_reg[6][27][0]
    SLICE_X14Y26         LUT6 (Prop_lut6_I0_O)        0.238    18.749 r  u_core/u_control_unit/registers[0][24]_i_3/O
                         net (fo=1, routed)           0.383    19.132    u_core/u_control_unit/registers[0][24]_i_3_n_0
    SLICE_X14Y26         LUT5 (Prop_lut5_I3_O)        0.105    19.237 r  u_core/u_control_unit/registers[0][24]_i_1/O
                         net (fo=8, routed)           0.736    19.973    u_core/u_register_file/registers_reg[6][31]_0[24]
    SLICE_X12Y30         FDCE                                         r  u_core/u_register_file/registers_reg[6][24]/D
  -------------------------------------------------------------------    -------------------

                         (clock clk50_mmcm rise edge)
                                                     20.000    20.000 r  <hidden>
    N15                                               0.000    20.000 r  CLK_100MHZ
                         net (fo=0)                   0.000    20.000    CLK_100MHZ
    N15                  IBUF (Prop_ibuf_I_O)         1.306    21.306 r  CLK_100MHZ_IBUF_inst/O
                         net (fo=1, routed)           1.004    22.309    CLK_100MHZ_IBUF
    MMCME2_ADV_X0Y0      MMCME2_ADV (Prop_mmcme2_adv_CLKIN1_CLKOUT0)
                                                      0.073    22.382 r  u_mmcm/CLKOUT0
                         net (fo=1, routed)           1.357    23.740    clk50_mmcm
    BUFGCTRL_X0Y0        BUFG (Prop_bufg_I_O)         0.077    23.817 r  u_bufg_clk50/O
                         net (fo=1244, routed)        1.253    25.070    u_core/u_register_file/clk50
    SLICE_X12Y30         FDCE                                         r  u_core/u_register_file/registers_reg[6][24]/C
                         clock pessimism              0.268    25.338    <hidden>
                         clock uncertainty           -0.082    25.256    <hidden>
    SLICE_X12Y30         FDCE (Setup_fdce_C_D)       -0.017    25.239    u_core/u_register_file/registers_reg[6][24]
  -------------------------------------------------------------------
                         required time                         25.239    <hidden>
                         arrival time                         -19.973    <hidden>
  -------------------------------------------------------------------
                         slack                                  5.266    <hidden>




