Copyright 1986-2022 Xilinx, Inc. All Rights Reserved. Copyright 2022-2026 Advanced Micro Devices, Inc. All Rights Reserved.
--------------------------------------------------------------------------------------------------------------------------------------------------------------
| Tool Version : Vivado v.2026.1 (win64) Build 6511674 Tue Jun 16 11:02:23 MDT 2026
| Date         : Thu Sep 24 00:15:24 2026
| Host         : Abhay_PC running 64-bit major release  (build 9200)
| Command      : report_utilization -hierarchical -file {C:/Users/abhay/OneDrive/Documents/projects/Trade CPU/checkpoints/reports/synth_utilization_hier.rpt}
| Design       : tradecpu_top
| Device       : xc7s50csga324-2
| Speed File   : -2
| Design State : Synthesized
--------------------------------------------------------------------------------------------------------------------------------------------------------------

Utilization Design Information

Table of Contents
-----------------
1. Utilization by Hierarchy

1. Utilization by Hierarchy
---------------------------

+-------------------------+---------------+------------+------------+---------+------+------+--------+--------+------------+
|         Instance        |     Module    | Total LUTs | Logic LUTs | LUTRAMs | SRLs |  FFs | RAMB36 | RAMB18 | DSP Blocks |
+-------------------------+---------------+------------+------------+---------+------+------+--------+--------+------------+
| tradecpu_top            |         (top) |       1329 |       1253 |      76 |    0 | 1092 |      0 |      2 |          3 |
|   (tradecpu_top)        |         (top) |         10 |         10 |       0 |    0 |   13 |      0 |      0 |          0 |
|   u_core                | tradecpu_core |       1319 |       1243 |      76 |    0 | 1079 |      0 |      2 |          3 |
|     u_var_store         |     var_store |         65 |         65 |       0 |    0 |  240 |      0 |      0 |          0 |
|     u_control_unit      |  control_unit |        314 |        314 |       0 |    0 |   53 |      0 |      2 |          0 |
|     u_divider           |       divider |        181 |        181 |       0 |    0 |  104 |      0 |      0 |          0 |
|     u_register_file     | register_file |        428 |        428 |       0 |    0 |  256 |      0 |      0 |          0 |
|     u_stock_buffers     | stock_buffers |        108 |         48 |      60 |    0 |  110 |      0 |      0 |          0 |
|     u_uart_protocol     | uart_protocol |        143 |        127 |      16 |    0 |  207 |      0 |      0 |          0 |
|       (u_uart_protocol) | uart_protocol |        116 |        116 |       0 |    0 |  199 |      0 |      0 |          0 |
+-------------------------+---------------+------------+------------+---------+------+------+--------+--------+------------+


